Archive member included because of file (symbol)

c:/winavr-20100110/bin/../lib/gcc/avr/4.3.3/../../../../avr/lib/avr5\libm.a(addsf3.o)
                              obj/zoSms.o (__subsf3)
c:/winavr-20100110/bin/../lib/gcc/avr/4.3.3/../../../../avr/lib/avr5\libm.a(addsf3x.o)
                              c:/winavr-20100110/bin/../lib/gcc/avr/4.3.3/../../../../avr/lib/avr5\libm.a(addsf3.o) (__addsf3x)
c:/winavr-20100110/bin/../lib/gcc/avr/4.3.3/../../../../avr/lib/avr5\libm.a(divsf3.o)
                              obj/zoEncoder.o (__divsf3)
c:/winavr-20100110/bin/../lib/gcc/avr/4.3.3/../../../../avr/lib/avr5\libm.a(divsf3x.o)
                              c:/winavr-20100110/bin/../lib/gcc/avr/4.3.3/../../../../avr/lib/avr5\libm.a(divsf3.o) (__divsf3x)
c:/winavr-20100110/bin/../lib/gcc/avr/4.3.3/../../../../avr/lib/avr5\libm.a(fixsfsi.o)
                              obj/zoEncoder.o (__fixsfsi)
c:/winavr-20100110/bin/../lib/gcc/avr/4.3.3/../../../../avr/lib/avr5\libm.a(fixunssfsi.o)
                              c:/winavr-20100110/bin/../lib/gcc/avr/4.3.3/../../../../avr/lib/avr5\libm.a(fixsfsi.o) (__fixunssfsi)
c:/winavr-20100110/bin/../lib/gcc/avr/4.3.3/../../../../avr/lib/avr5\libm.a(floatsisf.o)
                              obj/zoProtocolRcServo.o (__floatunsisf)
c:/winavr-20100110/bin/../lib/gcc/avr/4.3.3/../../../../avr/lib/avr5\libm.a(fp_inf.o)
                              c:/winavr-20100110/bin/../lib/gcc/avr/4.3.3/../../../../avr/lib/avr5\libm.a(addsf3x.o) (__fp_inf)
c:/winavr-20100110/bin/../lib/gcc/avr/4.3.3/../../../../avr/lib/avr5\libm.a(fp_nan.o)
                              c:/winavr-20100110/bin/../lib/gcc/avr/4.3.3/../../../../avr/lib/avr5\libm.a(addsf3x.o) (__fp_nan)
c:/winavr-20100110/bin/../lib/gcc/avr/4.3.3/../../../../avr/lib/avr5\libm.a(fp_pscA.o)
                              c:/winavr-20100110/bin/../lib/gcc/avr/4.3.3/../../../../avr/lib/avr5\libm.a(addsf3x.o) (__fp_pscA)
c:/winavr-20100110/bin/../lib/gcc/avr/4.3.3/../../../../avr/lib/avr5\libm.a(fp_pscB.o)
                              c:/winavr-20100110/bin/../lib/gcc/avr/4.3.3/../../../../avr/lib/avr5\libm.a(addsf3x.o) (__fp_pscB)
c:/winavr-20100110/bin/../lib/gcc/avr/4.3.3/../../../../avr/lib/avr5\libm.a(fp_round.o)
                              c:/winavr-20100110/bin/../lib/gcc/avr/4.3.3/../../../../avr/lib/avr5\libm.a(addsf3.o) (__fp_round)
c:/winavr-20100110/bin/../lib/gcc/avr/4.3.3/../../../../avr/lib/avr5\libm.a(fp_split3.o)
                              c:/winavr-20100110/bin/../lib/gcc/avr/4.3.3/../../../../avr/lib/avr5\libm.a(addsf3x.o) (__fp_split3)
c:/winavr-20100110/bin/../lib/gcc/avr/4.3.3/../../../../avr/lib/avr5\libm.a(fp_zero.o)
                              c:/winavr-20100110/bin/../lib/gcc/avr/4.3.3/../../../../avr/lib/avr5\libm.a(addsf3x.o) (__fp_zero)
c:/winavr-20100110/bin/../lib/gcc/avr/4.3.3/../../../../avr/lib/avr5\libm.a(mulsf3.o)
                              obj/zoEncoder.o (__mulsf3)
c:/winavr-20100110/bin/../lib/gcc/avr/4.3.3/../../../../avr/lib/avr5\libm.a(mulsf3x.o)
                              c:/winavr-20100110/bin/../lib/gcc/avr/4.3.3/../../../../avr/lib/avr5\libm.a(mulsf3.o) (__mulsf3x)
c:/winavr-20100110/bin/../lib/gcc/avr/4.3.3/../../../../avr/lib/avr5\libm.a(sqrt.o)
                              obj/zoCommands.o (sqrt)
c:/winavr-20100110/bin/../lib/gcc/avr/4.3.3/../../../../avr/lib/avr5\libm.a(square.o)
                              obj/zoSms.o (square)
c:/winavr-20100110/bin/../lib/gcc/avr/4.3.3/../../../../avr/lib/avr5\libm.a(fp_mpack.o)
                              c:/winavr-20100110/bin/../lib/gcc/avr/4.3.3/../../../../avr/lib/avr5\libm.a(sqrt.o) (__fp_mpack)
c:/winavr-20100110/bin/../lib/gcc/avr/4.3.3/../../../../avr/lib/avr5\libm.a(fp_norm2.o)
                              c:/winavr-20100110/bin/../lib/gcc/avr/4.3.3/../../../../avr/lib/avr5\libm.a(sqrt.o) (__fp_norm2)
c:/winavr-20100110/bin/../lib/gcc/avr/4.3.3/avr5\libgcc.a(_mulsi3.o)
                              obj/zoPid.o (__mulsi3)
c:/winavr-20100110/bin/../lib/gcc/avr/4.3.3/avr5\libgcc.a(_udivmodhi4.o)
                              obj/zoSms.o (__udivmodhi4)
c:/winavr-20100110/bin/../lib/gcc/avr/4.3.3/avr5\libgcc.a(_udivmodsi4.o)
                              obj/zoProtocolI2c.o (__udivmodsi4)
c:/winavr-20100110/bin/../lib/gcc/avr/4.3.3/avr5\libgcc.a(_divmodsi4.o)
                              obj/zoCommands.o (__divmodsi4)
c:/winavr-20100110/bin/../lib/gcc/avr/4.3.3/avr5\libgcc.a(_exit.o)
                              c:/winavr-20100110/bin/../lib/gcc/avr/4.3.3/../../../../avr/lib/avr5/crtm328p.o (exit)
c:/winavr-20100110/bin/../lib/gcc/avr/4.3.3/avr5\libgcc.a(_copy_data.o)
                              obj/zoSystemTimer.o (__do_copy_data)
c:/winavr-20100110/bin/../lib/gcc/avr/4.3.3/avr5\libgcc.a(_clear_bss.o)
                              obj/zoSystemTimer.o (__do_clear_bss)
c:/winavr-20100110/bin/../lib/gcc/avr/4.3.3/../../../../avr/lib/avr5\libc.a(calloc.o)
[...]
Memory Configuration

Name             Origin             Length             Attributes
text             0x00000000         0x00020000         xr
data             0x00800060         0x0000ffa0         rw !x
eeprom           0x00810000         0x00010000         rw !x
fuse             0x00820000         0x00000400         rw !x
lock             0x00830000         0x00000400         rw !x
signature        0x00840000         0x00000400         rw !x
*default*        0x00000000         0xffffffff

Linker script and memory map

Address of section .data set to 0x800100
LOAD c:/winavr-20100110/bin/../lib/gcc/avr/4.3.3/../../../../avr/lib/avr5/crtm328p.o
LOAD obj/zoError.o
LOAD obj/zoSystemTimer.o
LOAD obj/zoProtocol.o
LOAD obj/zoEncoder.o
LOAD obj/zoMotor.o
LOAD obj/zoPid.o
LOAD obj/zoSms.o
LOAD obj/zoSmsError.o
LOAD obj/zoCommands.o
LOAD obj/zoAdc.o
LOAD obj/zoSpi.o
LOAD obj/zoI2c.o
LOAD obj/zoProtocolI2c.o
LOAD obj/zoUart.o
LOAD obj/zoProtocolUart.o
LOAD obj/zoBuffer.o
LOAD obj/zoIcp.o
LOAD obj/zoProtocolRcServo.o
LOAD obj/main.o
LOAD c:/winavr-20100110/bin/../lib/gcc/avr/4.3.3/../../../../avr/lib/avr5\libm.a
LOAD c:/winavr-20100110/bin/../lib/gcc/avr/4.3.3/avr5\libgcc.a
LOAD c:/winavr-20100110/bin/../lib/gcc/avr/4.3.3/../../../../avr/lib/avr5\libc.a
LOAD c:/winavr-20100110/bin/../lib/gcc/avr/4.3.3/avr5\libgcc.a

.hash
 *(.hash)

.dynsym
 *(.dynsym)

.dynstr
 *(.dynstr)

.gnu.version
 *(.gnu.version)

.gnu.version_d
 *(.gnu.version_d)

.gnu.version_r
 *(.gnu.version_r)

.rel.init
 *(.rel.init)

.rela.init
 *(.rela.init)

.rel.text
 *(.rel.text)
 *(.rel.text.*)
 *(.rel.gnu.linkonce.t*)

.rela.text
 *(.rela.text)
 *(.rela.text.*)
 *(.rela.gnu.linkonce.t*)

.rel.fini
 *(.rel.fini)

.rela.fini
 *(.rela.fini)

.rel.rodata
 *(.rel.rodata)
 *(.rel.rodata.*)
 *(.rel.gnu.linkonce.r*)

.rela.rodata
 *(.rela.rodata)
 *(.rela.rodata.*)
 *(.rela.gnu.linkonce.r*)

.rel.data
 *(.rel.data)
 *(.rel.data.*)
 *(.rel.gnu.linkonce.d*)

.rela.data
 *(.rela.data)
 *(.rela.data.*)
 *(.rela.gnu.linkonce.d*)

.rel.ctors
 *(.rel.ctors)

.rela.ctors
 *(.rela.ctors)

.rel.dtors
 *(.rel.dtors)

.rela.dtors
 *(.rela.dtors)

.rel.got
 *(.rel.got)

.rela.got
 *(.rela.got)

.rel.bss
 *(.rel.bss)

.rela.bss
 *(.rela.bss)

.rel.plt
 *(.rel.plt)

.rela.plt
 *(.rela.plt)

.text           0x00000000     0x4e98
 *(.vectors)
 .vectors       0x00000000       0x68 c:/winavr-20100110/bin/../lib/gcc/avr/4.3.3/../../../../avr/lib/avr5/crtm328p.o
                0x00000000                __vectors
                0x00000000                __vector_default
 *(.vectors)
 *(.progmem.gcc*)
 *(.progmem*)
                0x00000068                . = ALIGN (0x2)
                0x00000068                __trampolines_start = .
 *(.trampolines)
 .trampolines   0x00000068        0x0 linker stubs
 *(.trampolines*)
                0x00000068                __trampolines_end = .
 *(.jumptables)
 *(.jumptables*)
 *(.lowtext)
 *(.lowtext*)
                0x00000068                __ctors_start = .
 *(.ctors)
                0x00000068                __ctors_end = .
                0x00000068                __dtors_start = .
 *(.dtors)
                0x00000068                __dtors_end = .
 SORT(*)(.ctors)
 SORT(*)(.dtors)
 *(.init0)
 .init0         0x00000068        0x0 c:/winavr-20100110/bin/../lib/gcc/avr/4.3.3/../../../../avr/lib/avr5/crtm328p.o
                0x00000068                __init
 *(.init0)
 *(.init1)
 *(.init1)
 *(.init2)
 .init2         0x00000068        0xc c:/winavr-20100110/bin/../lib/gcc/avr/4.3.3/../../../../avr/lib/avr5/crtm328p.o
 *(.init2)
 *(.init3)
 *(.init3)
 *(.init4)
 .init4         0x00000074       0x16 c:/winavr-20100110/bin/../lib/gcc/avr/4.3.3/avr5\libgcc.a(_copy_data.o)
                0x00000074                __do_copy_data
 .init4         0x0000008a       0x10 c:/winavr-20100110/bin/../lib/gcc/avr/4.3.3/avr5\libgcc.a(_clear_bss.o)
                0x0000008a                __do_clear_bss
 *(.init4)
 *(.init5)
 *(.init5)
 *(.init6)
 *(.init6)
 *(.init7)
 *(.init7)
 *(.init8)
 *(.init8)
 *(.init9)
 .init9         0x0000009a        0x8 c:/winavr-20100110/bin/../lib/gcc/avr/4.3.3/../../../../avr/lib/avr5/crtm328p.o
 *(.init9)
 *(.text)
 .text          0x000000a2        0x4 c:/winavr-20100110/bin/../lib/gcc/avr/4.3.3/../../../../avr/lib/avr5/crtm328p.o
                0x000000a2                __vector_22
                0x000000a2                __vector_1
                0x000000a2                __vector_12
                0x000000a2                __bad_interrupt
                0x000000a2                __vector_3
                0x000000a2                __vector_23
                0x000000a2                __vector_25
                0x000000a2                __vector_11
                0x000000a2                __vector_17
                0x000000a2                __vector_7
                0x000000a2                __vector_5
                0x000000a2                __vector_4
                0x000000a2                __vector_9
                0x000000a2                __vector_2
                0x000000a2                __vector_15
                0x000000a2                __vector_8
                0x000000a2                __vector_14
 .text          0x000000a6      0x17a obj/zoError.o
                0x0000016a                zoErrorGet
                0x0000010c                zoErrorPutIsr
                0x000000c0                zoErrorGetIsr
                0x000000a6                zoErrorInit
                0x000001c4                zoErrorPut
                0x0000015a                zoErrorIsEmpty
 .text          0x00000220      0x160 obj/zoSystemTimer.o
                0x0000024c                zoSystemTimerWatchDogEnable
                0x0000029e                zoSystemTimerMeasureStart
                0x00000310                __vector_6
                0x00000270                zoSystemTimerWatchDogReset
                0x000002f0                zoSystemTimerTimeOutExpired
                0x0000025e                zoSystemTimerWatchDogDisable
                0x00000238                zoSystemTimerWatchDogInit
                0x00000220                zoSystemTimerInit
                0x000002b8                zoSystemTimerMeasureGet
                0x00000284                zoSystemTimerTimeOutInit
 .text          0x00000380      0x322 obj/zoProtocol.o
                0x000005f0                zoProtocolInit
                0x00000380                zoProtocolLRC
                0x00000480                zoProtocolParse
                0x000003a0                zoProtocolCommandResponse
                0x000004e4                zoProtocolCommand
 .text          0x000006a2      0x3ac obj/zoEncoder.o
                0x0000079e                zoEncoderPollUnderFlowError
                0x000006a2                zoEncoderGetPosAbsolute
                0x00000702                zoEncoderSetVel
                0x00000772                zoEncoderPollOverFlowError
                0x00000818                zoEncoderReset
                0x000006b8                zoEncoderGetVel
                0x000009ca                zoEncoderInit
                0x00000894                zoEncoderGetPos
                0x000007ca                zoEncoderGetPosSpi
 .text          0x00000a4e      0x188 obj/zoMotor.o
                0x00000b58                zoMotorGetState
                0x00000ae4                zoMotorSet
                0x00000a4e                zoMotorSetTimedEventHandler
                0x00000a58                zoMotorInit
                0x00000b2c                zoMotorSetState
                0x00000b68                __vector_16
 .text          0x00000bd6      0x13a obj/zoPid.o
                0x00000bd6                zoPidDoPid
 .text          0x00000d10      0x706 obj/zoSms.o
                0x00000e14                constantVelocityCompletedCriterion
                0x00000d2c                accelerationCompleteCriterion
                0x00000d10                zoSmsPinsInit
                0x00000ef4                zoSmsRestoreDefaults
                0x0000107c                zoSmsInit
                0x00000dc6                positionReachedCriterion
                0x00001178                zoSmsControlLoop
                0x00000f9a                zoSmsInitSettingsFromEeprom
                0x00000e62                deccelRecalc
 .text          0x00001416      0x2f2 obj/zoSmsError.o
                0x000016ea                zoSmsErrorInit
                0x0000150a                zoSmsErrorHandleServiceCommandFailure
                0x00001416                zoSmsMotorStalled
                0x00001682                zoSmsErrorPoll
                0x000015e8                zoSmsErrorHandleParseFailure
                0x00001550                zoSmsErrorHandleCommandResponseFailure
 .text          0x00001708     0x159c obj/zoCommands.o
                0x00002530                zoCommandGetCurrent
                0x000019ac                zoCommandGetDigitalIoConfiguration
                0x000017d0                zoCommandSetRelativePositionSetpoint
                0x00002622                zoCommandConfigureDigitalIO
                0x00002806                zoCommandSetCurrentLimit
                0x000017fc                zoCommandSetProfiledVelocitySetpoint
                0x000025ac                zoCommandSetErrorReportingLevel
                0x000019ba                zoCommandGetLocalAcceptanceMask
                0x00001734                zoCommandRelativePositionMove
                0x000028ca                zoCommandsServiceCommand
                0x00001946                zoCommandGetProfileVelocity
                0x00001880                zoCommandSetDigitalOut
                0x0000277a                zoCommandSetProfileAcceleration
                0x00001778                zoCommandSetVelocitySetpoint
                0x000026e6                zoCommandSetBaudUart
                0x0000191c                zoCommandGetProfileAcceleration
                0x000024ac                zoCommandProfiledRelativePositionMove
                0x00001c72                zoCommandProfiledVelocityMove
                0x0000198e                zoCommandGetCurrentLimitDuration
                0x00001d42                zoProfiledMoveAbsolute
                0x000018c2                zoCommandGetGainP
                0x000026e0                zoCommandResetPosition
                0x000017a4                zoCommandSetAbsolutePositionSetpoint
                0x00002846                zoCommandSetGainD
                0x0000271a                zoCommandSetProfileVelocity
                0x00002356                zoCommandDoMove
                0x00001ca2                zoCommandHalt
                0x000024dc                zoCommandProfiledAbsolutePositionMove
                0x000024ec                zoCommandGetWarning
                0x00001828                zoCommandSetProfiledAbsolutePositionSetpoint
                0x00001a16                zoProfiledVelocity
                0x00002604                zoCommandSetNodeID
                0x00002872                zoCommandSetGainI
                0x0000254e                zoCommandGetAnalogIn
                0x000025e6                zoCommandSetLocalAcceptanceMask
                0x000027da                zoCommandSetCurrentLimitDuration
                0x00001970                zoCommandGetCurrentLimit
                0x00001c82                zoCommandGetPosition
                0x00001708                zoCommandAbsolutePositionMove
                0x00002690                zoCommandStart
                0x00002590                zoCommandGetAbsolutePosition
                0x0000267a                zoCommandStop
                0x00001854                zoCommandSetProfiledRelativePositionSetpoint
                0x000029e0                zoCommandsInit
                0x000019f6                zoCommandGetVelocity
                0x0000289e                zoCommandSetGainP
                0x000018fe                zoCommandGetGainD
                0x000018e0                zoCommandGetGainI
                0x000019c8                zoCommandGetDigitalIn
                0x00001cc8                zoCommandVelocityMove
 .text          0x00002ca4      0x1ae obj/zoAdc.o
                0x00002d4a                zoAdcChannelEnable
                0x00002d62                zoAdcChannelDisable
                0x00002d1c                zoAdcSetReference
                0x00002d38                zoAdcOff
                0x00002d78                zoAdcRead
                0x00002d96                __vector_21
                0x00002ca4                zoAdcInit
                0x00002d2a                zoAdcSetTrigger
                0x00002d0e                zoAdcSetPrescaler
 .text          0x00002e52       0x3a obj/zoSpi.o
                0x00002e52                zoSpiInit
                0x00002e80                zoSpiTransferByte
 .text          0x00002e8c      0x65e obj/zoI2c.o
                0x00002f1c                zoI2cSendStop
                0x00003430                zoI2cFunctorSrDataNack
                0x00002fdc                zoI2cFunctorMtAck
                0x000030d6                zoI2cFunctorStDataAck
                0x00002ee6                zoI2cSetWaitOnTransmitTimeOut
                0x00002f66                __vector_24
                0x00002ef0                zoI2cSetWaitOnReceiveTimeOut
                0x00003124                zoI2cFunctorNull
                0x00002edc                zoI2cSetWaitOnBusReadyTimeOut
                0x00003294                zoI2cFunctorMasterNAck
                0x00003126                zoI2cFunctorInit
                0x0000301c                zoI2cFunctorMrDataNAck
                0x000032cc                zoI2cMasterSend
                0x00002fc6                zoI2cFunctorStart
                0x00002f2a                zoI2cWaitForComplete
                0x000033e6                zoI2cInit
                0x000032b0                zoI2cFunctorBusError
                0x00002f34                zoI2cSendByte
                0x00002eba                zoI2cSetLocalDeviceAddr
                0x00003046                zoI2cFunctorSrAck
                0x000034a6                zoI2cFunctorMrDataAck
                0x0000326c                zoI2cFunctorNoInfo
                0x00002f0e                zoI2cSendStart
                0x00003278                zoI2cFunctorArbitrationLost
                0x00003086                zoI2cFunctorStAck
                0x0000343e                zoI2cFunctorMrSlaveAck
                0x00002f46                zoI2cAcknowledgeRx
                0x0000305e                zoI2cFunctorStop
                0x00003112                zoI2cFunctorStDataNAck
                0x00003378                zoI2cMasterSendBlocking
                0x0000346e                zoI2cFunctorSrDataAck
                0x00002efa                zoI2cSetSlaveReceiveHandler
                0x00002e8c                zoI2cSetBitrate
                0x00002f04                zoI2cSetSlaveTransmitHandler
 .text          0x000034ea      0x1fa obj/zoProtocolI2c.o
                0x000034f4                zoProtocolI2cSetBitrate
                0x00003580                zoProtocolI2cPutPacket
                0x000034ea                zoProtocolI2cSetLAM
                0x0000350a                zoProtocolI2cGetPacket
                0x00003608                zoProtocolI2cInit
 .text          0x000036e4      0x46e obj/zoUart.o
                0x000037fc                zoUartRxBufferIsEmpty
                0x0000397e                zoUartPutChar
                0x00003a8c                zoUartSetBuffersSize
                0x00003a6e                zoUartRxFlush
                0x00003806                __vector_19
                0x000036e4                zoUartSetBaud
                0x00003896                zoUartTxBufferIsFull
                0x0000394a                zoUartGetChar
                0x00003766                zoUartInitRs485
                0x0000374a                zoUartSetParity
                0x00003ac0                zoUartInit
                0x00003758                zoUartSetStopBits
                0x000037a4                zoUartSetTransmitTimeOut
                0x00003728                zoUartSetDataBits
                0x00003a08                zoUartPutData
                0x00003a48                zoUartPutString
                0x000038a0                __vector_18
                0x000037ae                __vector_20
 .text          0x00003b52      0x1e0 obj/zoProtocolUart.o
                0x00003c7c                zoProtocolUartPutPacket
                0x00003b5e                zoProtocolUartGetPacket
                0x00003b52                zoProtocolUartSetLAM
                0x00003b58                zoProtocolUartSetBitrate
                0x00003ce2                zoProtocolUartInit
 .text          0x00003d32      0x27c obj/zoBuffer.o
                0x00003d32                zoBufferIsEmpty
                0x00003eea                zoBufferPut
                0x00003d42                zoBufferIsFull
                0x00003f4a                zoBufferGet
                0x00003e1c                zoBufferReadIsr
                0x00003e56                zoBufferRead
                0x00003d74                zoBufferGetIsr
                0x00003dca                zoBufferPutIsr
                0x00003d54                zoBufferFlush
                0x00003e9a                zoBufferInit
 .text          0x00003fae      0x2ce obj/zoIcp.o
                0x00003fc6                zoIcpSetMode
                0x00004034                zoIcpIsrEnable
                0x000040c2                zoIcpOverFlowIsrDisable
                0x00004020                zoIcpAttachUserFunctionOnCaptureFailure
                0x0000405c                zoIcpInit
                0x0000422a                __vector_13
                0x00003ff8                zoIcpAttachUserFunctionOnCapture
                0x000040ce                zoIcpGetPulseWidh
                0x000040b6                zoIcpOverFlowIsrEnable
                0x00003fae                zoIcpSetPrescaler
                0x000040f2                __vector_10
                0x0000408e                zoIcpIsrDisable
                0x0000400c                zoIcpAttachUserFunctionOnOverFlow
 .text          0x0000427c      0x282 obj/zoProtocolRcServo.o
                0x00004286                icpTimerOverFlowInterruptHandler
                0x00004432                zoProtocolRcServoInit
                0x0000427c                icpFailedInterruptHandler
                0x00004290                zoProtocolRcServoParse
                0x0000447c                icpInterruptHandler
 .text          0x000044fe      0x156 obj/main.o
                0x000044fe                main
 .text          0x00004654        0x0 c:/winavr-20100110/bin/../lib/gcc/avr/4.3.3/../../../../avr/lib/avr5\libm.a(addsf3.o)
 .text          0x00004654        0x0 c:/winavr-20100110/bin/../lib/gcc/avr/4.3.3/../../../../avr/lib/avr5\libm.a(addsf3x.o)
 .text          0x00004654        0x0 c:/winavr-20100110/bin/../lib/gcc/avr/4.3.3/../../../../avr/lib/avr5\libm.a(divsf3.o)
 .text          0x00004654        0x0 c:/winavr-20100110/bin/../lib/gcc/avr/4.3.3/../../../../avr/lib/avr5\libm.a(divsf3x.o)
 .text          0x00004654        0x0 c:/winavr-20100110/bin/../lib/gcc/avr/4.3.3/../../../../avr/lib/avr5\libm.a(fixsfsi.o)
 .text          0x00004654        0x0 c:/winavr-20100110/bin/../lib/gcc/avr/4.3.3/../../../../avr/lib/avr5\libm.a(fixunssfsi.o)
 .text          0x00004654        0x0 c:/winavr-20100110/bin/../lib/gcc/avr/4.3.3/../../../../avr/lib/avr5\libm.a(floatsisf.o)
 .text          0x00004654        0x0 c:/winavr-20100110/bin/../lib/gcc/avr/4.3.3/../../../../avr/lib/avr5\libm.a(fp_inf.o)
 .text          0x00004654        0x0 c:/winavr-20100110/bin/../lib/gcc/avr/4.3.3/../../../../avr/lib/avr5\libm.a(fp_nan.o)
 .text          0x00004654        0x0 c:/winavr-20100110/bin/../lib/gcc/avr/4.3.3/../../../../avr/lib/avr5\libm.a(fp_pscA.o)
 .text          0x00004654        0x0 c:/winavr-20100110/bin/../lib/gcc/avr/4.3.3/../../../../avr/lib/avr5\libm.a(fp_pscB.o)
 .text          0x00004654        0x0 c:/winavr-20100110/bin/../lib/gcc/avr/4.3.3/../../../../avr/lib/avr5\libm.a(fp_round.o)
 .text          0x00004654        0x0 c:/winavr-20100110/bin/../lib/gcc/avr/4.3.3/../../../../avr/lib/avr5\libm.a(fp_split3.o)
 .text          0x00004654        0x0 c:/winavr-20100110/bin/../lib/gcc/avr/4.3.3/../../../../avr/lib/avr5\libm.a(fp_zero.o)
 .text          0x00004654        0x0 c:/winavr-20100110/bin/../lib/gcc/avr/4.3.3/../../../../avr/lib/avr5\libm.a(mulsf3.o)
 .text          0x00004654        0x0 c:/winavr-20100110/bin/../lib/gcc/avr/4.3.3/../../../../avr/lib/avr5\libm.a(mulsf3x.o)
 .text          0x00004654        0x0 c:/winavr-20100110/bin/../lib/gcc/avr/4.3.3/../../../../avr/lib/avr5\libm.a(sqrt.o)
 .text          0x00004654        0x0 c:/winavr-20100110/bin/../lib/gcc/avr/4.3.3/../../../../avr/lib/avr5\libm.a(square.o)
 .text          0x00004654        0x0 c:/winavr-20100110/bin/../lib/gcc/avr/4.3.3/../../../../avr/lib/avr5\libm.a(fp_mpack.o)
 .text          0x00004654        0x0 c:/winavr-20100110/bin/../lib/gcc/avr/4.3.3/../../../../avr/lib/avr5\libm.a(fp_norm2.o)
 .text          0x00004654        0x0 c:/winavr-20100110/bin/../lib/gcc/avr/4.3.3/avr5\libgcc.a(_mulsi3.o)
 .text          0x00004654        0x0 c:/winavr-20100110/bin/../lib/gcc/avr/4.3.3/avr5\libgcc.a(_udivmodhi4.o)
 .text          0x00004654        0x0 c:/winavr-20100110/bin/../lib/gcc/avr/4.3.3/avr5\libgcc.a(_udivmodsi4.o)
 .text          0x00004654        0x0 c:/winavr-20100110/bin/../lib/gcc/avr/4.3.3/avr5\libgcc.a(_divmodsi4.o)
 .text          0x00004654        0x0 c:/winavr-20100110/bin/../lib/gcc/avr/4.3.3/avr5\libgcc.a(_exit.o)
 .text          0x00004654        0x0 c:/winavr-20100110/bin/../lib/gcc/avr/4.3.3/avr5\libgcc.a(_copy_data.o)
 .text          0x00004654        0x0 c:/winavr-20100110/bin/../lib/gcc/avr/4.3.3/avr5\libgcc.a(_clear_bss.o)
 .text          0x00004654        0x0 c:/winavr-20100110/bin/../lib/gcc/avr/4.3.3/../../../../avr/lib/avr5\libc.a(calloc.o)
 .text          0x00004654        0x0 c:/winavr-20100110/bin/../lib/gcc/avr/4.3.3/../../../../avr/lib/avr5\libc.a(malloc.o)
 .text          0x00004654        0x0 c:/winavr-20100110/bin/../lib/gcc/avr/4.3.3/../../../../avr/lib/avr5\libc.a(memset.o)
 .text          0x00004654        0x0 c:/winavr-20100110/bin/../lib/gcc/avr/4.3.3/../../../../avr/lib/avr5\libc.a(eerd_byte_atmega328p.o)
 .text          0x00004654        0x0 c:/winavr-20100110/bin/../lib/gcc/avr/4.3.3/../../../../avr/lib/avr5\libc.a(eerd_dword_atmega328p.o)
 .text          0x00004654        0x0 c:/winavr-20100110/bin/../lib/gcc/avr/4.3.3/../../../../avr/lib/avr5\libc.a(eerd_word_atmega328p.o)
 .text          0x00004654        0x0 c:/winavr-20100110/bin/../lib/gcc/avr/4.3.3/../../../../avr/lib/avr5\libc.a(eewr_byte_atmega328p.o)
 .text          0x00004654        0x0 c:/winavr-20100110/bin/../lib/gcc/avr/4.3.3/../../../../avr/lib/avr5\libc.a(eewr_dword_atmega328p.o)
 .text          0x00004654        0x0 c:/winavr-20100110/bin/../lib/gcc/avr/4.3.3/../../../../avr/lib/avr5\libc.a(eewr_word_atmega328p.o)
 .text          0x00004654        0x0 c:/winavr-20100110/bin/../lib/gcc/avr/4.3.3/../../../../avr/lib/avr5\libc.a(eerd_block_atmega328p.o)
                0x00004654                . = ALIGN (0x2)
 *(.text.*)
 .text.avr-libc.fplib
                0x00004654        0xa c:/winavr-20100110/bin/../lib/gcc/avr/4.3.3/../../../../avr/lib/avr5\libm.a(addsf3.o)
                0x00004654                __subsf3
                0x00004656                __addsf3
 .text.avr-libc.fplib
                0x0000465e       0xc0 c:/winavr-20100110/bin/../lib/gcc/avr/4.3.3/../../../../avr/lib/avr5\libm.a(addsf3x.o)
                0x00004678                __addsf3x
 .text.avr-libc.fplib
                0x0000471e        0x4 c:/winavr-20100110/bin/../lib/gcc/avr/4.3.3/../../../../avr/lib/avr5\libm.a(divsf3.o)
                0x0000471e                __divsf3
 .text.avr-libc.fplib
                0x00004722       0xcc c:/winavr-20100110/bin/../lib/gcc/avr/4.3.3/../../../../avr/lib/avr5\libm.a(divsf3x.o)
                0x00004738                __divsf3x
                0x0000473c                __divsf3_pse
 .text.avr-libc.fplib
                0x000047ee        0xa c:/winavr-20100110/bin/../lib/gcc/avr/4.3.3/../../../../avr/lib/avr5\libm.a(fixsfsi.o)
                0x000047ee                __fixsfsi
 .text.avr-libc.fplib
                0x000047f8       0x58 c:/winavr-20100110/bin/../lib/gcc/avr/4.3.3/../../../../avr/lib/avr5\libm.a(fixunssfsi.o)
                0x000047f8                __fixunssfsi
 .text.avr-libc.fplib
                0x00004850       0x7a c:/winavr-20100110/bin/../lib/gcc/avr/4.3.3/../../../../avr/lib/avr5\libm.a(floatsisf.o)
                0x00004854                __floatsisf
                0x00004850                __floatunsisf
 .text.avr-libc.fplib
                0x000048ca        0xc c:/winavr-20100110/bin/../lib/gcc/avr/4.3.3/../../../../avr/lib/avr5\libm.a(fp_inf.o)
                0x000048ca                __fp_inf
 .text.avr-libc.fplib
                0x000048d6        0x6 c:/winavr-20100110/bin/../lib/gcc/avr/4.3.3/../../../../avr/lib/avr5\libm.a(fp_nan.o)
                0x000048d6                __fp_nan
 .text.avr-libc.fplib
                0x000048dc        0xe c:/winavr-20100110/bin/../lib/gcc/avr/4.3.3/../../../../avr/lib/avr5\libm.a(fp_pscA.o)
                0x000048dc                __fp_pscA
 .text.avr-libc.fplib
                0x000048ea        0xe c:/winavr-20100110/bin/../lib/gcc/avr/4.3.3/../../../../avr/lib/avr5\libm.a(fp_pscB.o)
                0x000048ea                __fp_pscB
 .text.avr-libc.fplib
                0x000048f8       0x22 c:/winavr-20100110/bin/../lib/gcc/avr/4.3.3/../../../../avr/lib/avr5\libm.a(fp_round.o)
                0x000048f8                __fp_round
 .text.avr-libc.fplib
                0x0000491a       0x44 c:/winavr-20100110/bin/../lib/gcc/avr/4.3.3/../../../../avr/lib/avr5\libm.a(fp_split3.o)
                0x0000491a                __fp_split3
                0x0000492a                __fp_splitA
 .text.avr-libc.fplib
                0x0000495e        0xe c:/winavr-20100110/bin/../lib/gcc/avr/4.3.3/../../../../avr/lib/avr5\libm.a(fp_zero.o)
                0x0000495e                __fp_zero
                0x00004960                __fp_szero
 .text.avr-libc.fplib
                0x0000496c        0x4 c:/winavr-20100110/bin/../lib/gcc/avr/4.3.3/../../../../avr/lib/avr5\libm.a(mulsf3.o)
                0x0000496c                __mulsf3
 .text.avr-libc.fplib
                0x00004970       0xc2 c:/winavr-20100110/bin/../lib/gcc/avr/4.3.3/../../../../avr/lib/avr5\libm.a(mulsf3x.o)
                0x00004988                __mulsf3_pse
                0x00004984                __mulsf3x
 .text.avr-libc.fplib
                0x00004a32       0x84 c:/winavr-20100110/bin/../lib/gcc/avr/4.3.3/../../../../avr/lib/avr5\libm.a(sqrt.o)
                0x00004a3a                sqrt
 .text.avr-libc.fplib
                0x00004ab6        0x6 c:/winavr-20100110/bin/../lib/gcc/avr/4.3.3/../../../../avr/lib/avr5\libm.a(square.o)
                0x00004ab6                square
 .text.avr-libc.fplib
                0x00004abc       0x1c c:/winavr-20100110/bin/../lib/gcc/avr/4.3.3/../../../../avr/lib/avr5\libm.a(fp_mpack.o)
                0x00004ac0                __fp_mpack_finite
                0x00004abc                __fp_mpack
 .text.avr-libc.fplib
                0x00004ad8        0xe c:/winavr-20100110/bin/../lib/gcc/avr/4.3.3/../../../../avr/lib/avr5\libm.a(fp_norm2.o)
                0x00004ad8                __fp_norm2
 .text.libgcc   0x00004ae6       0x3e c:/winavr-20100110/bin/../lib/gcc/avr/4.3.3/avr5\libgcc.a(_mulsi3.o)
                0x00004ae6                __mulsi3
 .text.libgcc   0x00004b24       0x28 c:/winavr-20100110/bin/../lib/gcc/avr/4.3.3/avr5\libgcc.a(_udivmodhi4.o)
                0x00004b24                __udivmodhi4
 .text.libgcc   0x00004b4c       0x44 c:/winavr-20100110/bin/../lib/gcc/avr/4.3.3/avr5\libgcc.a(_udivmodsi4.o)
                0x00004b4c                __udivmodsi4
 .text.libgcc   0x00004b90       0x36 c:/winavr-20100110/bin/../lib/gcc/avr/4.3.3/avr5\libgcc.a(_divmodsi4.o)
                0x00004b90                __divmodsi4
 .text.libgcc   0x00004bc6        0x0 c:/winavr-20100110/bin/../lib/gcc/avr/4.3.3/avr5\libgcc.a(_exit.o)
 .text.libgcc   0x00004bc6        0x0 c:/winavr-20100110/bin/../lib/gcc/avr/4.3.3/avr5\libgcc.a(_copy_data.o)
 .text.libgcc   0x00004bc6        0x0 c:/winavr-20100110/bin/../lib/gcc/avr/4.3.3/avr5\libgcc.a(_clear_bss.o)
 .text.avr-libc
                0x00004bc6       0x38 c:/winavr-20100110/bin/../lib/gcc/avr/4.3.3/../../../../avr/lib/avr5\libc.a(calloc.o)
                0x00004bc6                calloc
 .text.avr-libc
                0x00004bfe      0x20a c:/winavr-20100110/bin/../lib/gcc/avr/4.3.3/../../../../avr/lib/avr5\libc.a(malloc.o)
                0x00004bfe                malloc
                0x00004d58                free
 .text.avr-libc
                0x00004e08        0xe c:/winavr-20100110/bin/../lib/gcc/avr/4.3.3/../../../../avr/lib/avr5\libc.a(memset.o)
                0x00004e08                memset
 .text.avr-libc
                0x00004e16       0x10 c:/winavr-20100110/bin/../lib/gcc/avr/4.3.3/../../../../avr/lib/avr5\libc.a(eerd_byte_atmega328p.o)
                0x00004e16                __eerd_byte_m328p
 .text.avr-libc
                0x00004e26        0xc c:/winavr-20100110/bin/../lib/gcc/avr/4.3.3/../../../../avr/lib/avr5\libc.a(eerd_dword_atmega328p.o)
                0x00004e26                __eerd_float_m328p
                0x00004e26                __eerd_dword_m328p
 .text.avr-libc
                0x00004e32        0xc c:/winavr-20100110/bin/../lib/gcc/avr/4.3.3/../../../../avr/lib/avr5\libc.a(eerd_word_atmega328p.o)
                0x00004e32                __eerd_word_m328p
 .text.avr-libc
                0x00004e3e       0x1c c:/winavr-20100110/bin/../lib/gcc/avr/4.3.3/../../../../avr/lib/avr5\libc.a(eewr_byte_atmega328p.o)
                0x00004e3e                __eewr_byte_m328p
                0x00004e40                __eewr_r18_m328p
 .text.avr-libc
                0x00004e5a       0x10 c:/winavr-20100110/bin/../lib/gcc/avr/4.3.3/../../../../avr/lib/avr5\libc.a(eewr_dword_atmega328p.o)
                0x00004e5a                __eewr_float_m328p
                0x00004e5a                __eewr_dword_m328p
 .text.avr-libc
                0x00004e6a        0xa c:/winavr-20100110/bin/../lib/gcc/avr/4.3.3/../../../../avr/lib/avr5\libc.a(eewr_word_atmega328p.o)
                0x00004e6a                __eewr_word_m328p
 .text.avr-libc
                0x00004e74       0x20 c:/winavr-20100110/bin/../lib/gcc/avr/4.3.3/../../../../avr/lib/avr5\libc.a(eerd_block_atmega328p.o)
                0x00004e74                __eerd_block_m328p
                0x00004e78                __eerd_blraw_m328p
                0x00004e94                . = ALIGN (0x2)
 *(.fini9)
 .fini9         0x00004e94        0x0 c:/winavr-20100110/bin/../lib/gcc/avr/4.3.3/avr5\libgcc.a(_exit.o)
                0x00004e94                exit
                0x00004e94                _exit
 *(.fini9)
 *(.fini8)
 *(.fini8)
 *(.fini7)
 *(.fini7)
 *(.fini6)
 *(.fini6)
 *(.fini5)
 *(.fini5)
 *(.fini4)
 *(.fini4)
 *(.fini3)
 *(.fini3)
 *(.fini2)
 *(.fini2)
 *(.fini1)
 *(.fini1)
 *(.fini0)
 .fini0         0x00004e94        0x4 c:/winavr-20100110/bin/../lib/gcc/avr/4.3.3/avr5\libgcc.a(_exit.o)
 *(.fini0)
                0x00004e98                _etext = .

.data           0x00800100       0x7a load address 0x00004e98
                0x00800100                PROVIDE (__data_start, .)
 *(.data)
 .data          0x00800100        0x0 c:/winavr-20100110/bin/../lib/gcc/avr/4.3.3/../../../../avr/lib/avr5/crtm328p.o
 .data          0x00800100        0x0 obj/zoError.o
 .data          0x00800100        0x2 obj/zoSystemTimer.o
 .data          0x00800102        0x0 obj/zoProtocol.o
 .data          0x00800102        0x1 obj/zoEncoder.o
 .data          0x00800103        0x0 obj/zoMotor.o
 .data          0x00800103        0x0 obj/zoPid.o
 .data          0x00800103       0x63 obj/zoSms.o
                0x00800103                Sms
 .data          0x00800166        0x0 obj/zoSmsError.o
 .data          0x00800166        0x0 obj/zoCommands.o
 .data          0x00800166        0x0 obj/zoAdc.o
 .data          0x00800166        0x0 obj/zoSpi.o
 .data          0x00800166        0x6 obj/zoI2c.o
 .data          0x0080016c        0x2 obj/zoProtocolI2c.o
                0x0080016c                zoProtocolI2cError
 .data          0x0080016e        0x2 obj/zoUart.o
 .data          0x00800170        0x3 obj/zoProtocolUart.o
                0x00800170                zoProtocolUartError
 .data          0x00800173        0x0 obj/zoBuffer.o
 .data          0x00800173        0x0 obj/zoIcp.o
 .data          0x00800173        0x0 obj/zoProtocolRcServo.o
 .data          0x00800173        0x0 obj/main.o
 .data          0x00800173        0x0 c:/winavr-20100110/bin/../lib/gcc/avr/4.3.3/../../../../avr/lib/avr5\libm.a(addsf3.o)
 .data          0x00800173        0x0 c:/winavr-20100110/bin/../lib/gcc/avr/4.3.3/../../../../avr/lib/avr5\libm.a(addsf3x.o)
 .data          0x00800173        0x0 c:/winavr-20100110/bin/../lib/gcc/avr/4.3.3/../../../../avr/lib/avr5\libm.a(divsf3.o)
 .data          0x00800173        0x0 c:/winavr-20100110/bin/../lib/gcc/avr/4.3.3/../../../../avr/lib/avr5\libm.a(divsf3x.o)
 .data          0x00800173        0x0 c:/winavr-20100110/bin/../lib/gcc/avr/4.3.3/../../../../avr/lib/avr5\libm.a(fixsfsi.o)
 .data          0x00800173        0x0 c:/winavr-20100110/bin/../lib/gcc/avr/4.3.3/../../../../avr/lib/avr5\libm.a(fixunssfsi.o)
 .data          0x00800173        0x0 c:/winavr-20100110/bin/../lib/gcc/avr/4.3.3/../../../../avr/lib/avr5\libm.a(floatsisf.o)
 .data          0x00800173        0x0 c:/winavr-20100110/bin/../lib/gcc/avr/4.3.3/../../../../avr/lib/avr5\libm.a(fp_inf.o)
 .data          0x00800173        0x0 c:/winavr-20100110/bin/../lib/gcc/avr/4.3.3/../../../../avr/lib/avr5\libm.a(fp_nan.o)
 .data          0x00800173        0x0 c:/winavr-20100110/bin/../lib/gcc/avr/4.3.3/../../../../avr/lib/avr5\libm.a(fp_pscA.o)
 .data          0x00800173        0x0 c:/winavr-20100110/bin/../lib/gcc/avr/4.3.3/../../../../avr/lib/avr5\libm.a(fp_pscB.o)
 .data          0x00800173        0x0 c:/winavr-20100110/bin/../lib/gcc/avr/4.3.3/../../../../avr/lib/avr5\libm.a(fp_round.o)
 .data          0x00800173        0x0 c:/winavr-20100110/bin/../lib/gcc/avr/4.3.3/../../../../avr/lib/avr5\libm.a(fp_split3.o)
 .data          0x00800173        0x0 c:/winavr-20100110/bin/../lib/gcc/avr/4.3.3/../../../../avr/lib/avr5\libm.a(fp_zero.o)
 .data          0x00800173        0x0 c:/winavr-20100110/bin/../lib/gcc/avr/4.3.3/../../../../avr/lib/avr5\libm.a(mulsf3.o)
 .data          0x00800173        0x0 c:/winavr-20100110/bin/../lib/gcc/avr/4.3.3/../../../../avr/lib/avr5\libm.a(mulsf3x.o)
 .data          0x00800173        0x0 c:/winavr-20100110/bin/../lib/gcc/avr/4.3.3/../../../../avr/lib/avr5\libm.a(sqrt.o)
 .data          0x00800173        0x0 c:/winavr-20100110/bin/../lib/gcc/avr/4.3.3/../../../../avr/lib/avr5\libm.a(square.o)
 .data          0x00800173        0x0 c:/winavr-20100110/bin/../lib/gcc/avr/4.3.3/../../../../avr/lib/avr5\libm.a(fp_mpack.o)
 .data          0x00800173        0x0 c:/winavr-20100110/bin/../lib/gcc/avr/4.3.3/../../../../avr/lib/avr5\libm.a(fp_norm2.o)
 .data          0x00800173        0x0 c:/winavr-20100110/bin/../lib/gcc/avr/4.3.3/avr5\libgcc.a(_mulsi3.o)
 .data          0x00800173        0x0 c:/winavr-20100110/bin/../lib/gcc/avr/4.3.3/avr5\libgcc.a(_udivmodhi4.o)
 .data          0x00800173        0x0 c:/winavr-20100110/bin/../lib/gcc/avr/4.3.3/avr5\libgcc.a(_udivmodsi4.o)
 .data          0x00800173        0x0 c:/winavr-20100110/bin/../lib/gcc/avr/4.3.3/avr5\libgcc.a(_divmodsi4.o)
 .data          0x00800173        0x0 c:/winavr-20100110/bin/../lib/gcc/avr/4.3.3/avr5\libgcc.a(_exit.o)
 .data          0x00800173        0x0 c:/winavr-20100110/bin/../lib/gcc/avr/4.3.3/avr5\libgcc.a(_copy_data.o)
 .data          0x00800173        0x0 c:/winavr-20100110/bin/../lib/gcc/avr/4.3.3/avr5\libgcc.a(_clear_bss.o)
 .data          0x00800173        0x0 c:/winavr-20100110/bin/../lib/gcc/avr/4.3.3/../../../../avr/lib/avr5\libc.a(calloc.o)
 .data          0x00800173        0x6 c:/winavr-20100110/bin/../lib/gcc/avr/4.3.3/../../../../avr/lib/avr5\libc.a(malloc.o)
                0x00800175                __malloc_heap_start
                0x00800177                __malloc_heap_end
                0x00800173                __malloc_margin
 .data          0x00800179        0x0 c:/winavr-20100110/bin/../lib/gcc/avr/4.3.3/../../../../avr/lib/avr5\libc.a(memset.o)
 .data          0x00800179        0x0 c:/winavr-20100110/bin/../lib/gcc/avr/4.3.3/../../../../avr/lib/avr5\libc.a(eerd_byte_atmega328p.o)
 .data          0x00800179        0x0 c:/winavr-20100110/bin/../lib/gcc/avr/4.3.3/../../../../avr/lib/avr5\libc.a(eerd_dword_atmega328p.o)
 .data          0x00800179        0x0 c:/winavr-20100110/bin/../lib/gcc/avr/4.3.3/../../../../avr/lib/avr5\libc.a(eerd_word_atmega328p.o)
 .data          0x00800179        0x0 c:/winavr-20100110/bin/../lib/gcc/avr/4.3.3/../../../../avr/lib/avr5\libc.a(eewr_byte_atmega328p.o)
 .data          0x00800179        0x0 c:/winavr-20100110/bin/../lib/gcc/avr/4.3.3/../../../../avr/lib/avr5\libc.a(eewr_dword_atmega328p.o)
 .data          0x00800179        0x0 c:/winavr-20100110/bin/../lib/gcc/avr/4.3.3/../../../../avr/lib/avr5\libc.a(eewr_word_atmega328p.o)
 .data          0x00800179        0x0 c:/winavr-20100110/bin/../lib/gcc/avr/4.3.3/../../../../avr/lib/avr5\libc.a(eerd_block_atmega328p.o)
 *(.data*)
 *(.rodata)
 *(.rodata*)
 *(.gnu.linkonce.d*)
                0x0080017a                . = ALIGN (0x2)
 *fill*         0x00800179        0x1 00
                0x0080017a                _edata = .
                0x0080017a                PROVIDE (__data_end, .)

.bss            0x0080017a      0x1de
                0x0080017a                PROVIDE (__bss_start, .)
 *(.bss)
 .bss           0x0080017a        0x0 c:/winavr-20100110/bin/../lib/gcc/avr/4.3.3/../../../../avr/lib/avr5/crtm328p.o
 .bss           0x0080017a        0x0 obj/zoError.o
 .bss           0x0080017a        0x5 obj/zoSystemTimer.o
 .bss           0x0080017f        0x0 obj/zoProtocol.o
 .bss           0x0080017f       0x18 obj/zoEncoder.o
 .bss           0x00800197        0x5 obj/zoMotor.o
 .bss           0x0080019c        0x0 obj/zoPid.o
 .bss           0x0080019c        0x0 obj/zoSms.o
 .bss           0x0080019c       0x20 obj/zoSmsError.o
                0x0080019c                zoSmsError
                0x008001a9                zoSmsWarning
 .bss           0x008001bc       0x8c obj/zoCommands.o
                0x008001bc                zoCommandsError
 .bss           0x00800248       0x22 obj/zoAdc.o
 .bss           0x0080026a        0x0 obj/zoSpi.o
 .bss           0x0080026a       0x97 obj/zoI2c.o
                0x0080026a                zoI2cError
 .bss           0x00800301       0x16 obj/zoProtocolI2c.o
 .bss           0x00800317       0x21 obj/zoUart.o
                0x00800317                zoUartError
 .bss           0x00800338        0x3 obj/zoProtocolUart.o
 .bss           0x0080033b        0x0 obj/zoBuffer.o
 .bss           0x0080033b        0xe obj/zoIcp.o
 .bss           0x00800349        0xb obj/zoProtocolRcServo.o
 .bss           0x00800354        0x0 obj/main.o
 .bss           0x00800354        0x0 c:/winavr-20100110/bin/../lib/gcc/avr/4.3.3/../../../../avr/lib/avr5\libm.a(addsf3.o)
 .bss           0x00800354        0x0 c:/winavr-20100110/bin/../lib/gcc/avr/4.3.3/../../../../avr/lib/avr5\libm.a(addsf3x.o)
 .bss           0x00800354        0x0 c:/winavr-20100110/bin/../lib/gcc/avr/4.3.3/../../../../avr/lib/avr5\libm.a(divsf3.o)
 .bss           0x00800354        0x0 c:/winavr-20100110/bin/../lib/gcc/avr/4.3.3/../../../../avr/lib/avr5\libm.a(divsf3x.o)
 .bss           0x00800354        0x0 c:/winavr-20100110/bin/../lib/gcc/avr/4.3.3/../../../../avr/lib/avr5\libm.a(fixsfsi.o)
 .bss           0x00800354        0x0 c:/winavr-20100110/bin/../lib/gcc/avr/4.3.3/../../../../avr/lib/avr5\libm.a(fixunssfsi.o)
 .bss           0x00800354        0x0 c:/winavr-20100110/bin/../lib/gcc/avr/4.3.3/../../../../avr/lib/avr5\libm.a(floatsisf.o)
 .bss           0x00800354        0x0 c:/winavr-20100110/bin/../lib/gcc/avr/4.3.3/../../../../avr/lib/avr5\libm.a(fp_inf.o)
 .bss           0x00800354        0x0 c:/winavr-20100110/bin/../lib/gcc/avr/4.3.3/../../../../avr/lib/avr5\libm.a(fp_nan.o)
 .bss           0x00800354        0x0 c:/winavr-20100110/bin/../lib/gcc/avr/4.3.3/../../../../avr/lib/avr5\libm.a(fp_pscA.o)
 .bss           0x00800354        0x0 c:/winavr-20100110/bin/../lib/gcc/avr/4.3.3/../../../../avr/lib/avr5\libm.a(fp_pscB.o)
 .bss           0x00800354        0x0 c:/winavr-20100110/bin/../lib/gcc/avr/4.3.3/../../../../avr/lib/avr5\libm.a(fp_round.o)
 .bss           0x00800354        0x0 c:/winavr-20100110/bin/../lib/gcc/avr/4.3.3/../../../../avr/lib/avr5\libm.a(fp_split3.o)
 .bss           0x00800354        0x0 c:/winavr-20100110/bin/../lib/gcc/avr/4.3.3/../../../../avr/lib/avr5\libm.a(fp_zero.o)
 .bss           0x00800354        0x0 c:/winavr-20100110/bin/../lib/gcc/avr/4.3.3/../../../../avr/lib/avr5\libm.a(mulsf3.o)
 .bss           0x00800354        0x0 c:/winavr-20100110/bin/../lib/gcc/avr/4.3.3/../../../../avr/lib/avr5\libm.a(mulsf3x.o)
 .bss           0x00800354        0x0 c:/winavr-20100110/bin/../lib/gcc/avr/4.3.3/../../../../avr/lib/avr5\libm.a(sqrt.o)
 .bss           0x00800354        0x0 c:/winavr-20100110/bin/../lib/gcc/avr/4.3.3/../../../../avr/lib/avr5\libm.a(square.o)
 .bss           0x00800354        0x0 c:/winavr-20100110/bin/../lib/gcc/avr/4.3.3/../../../../avr/lib/avr5\libm.a(fp_mpack.o)
 .bss           0x00800354        0x0 c:/winavr-20100110/bin/../lib/gcc/avr/4.3.3/../../../../avr/lib/avr5\libm.a(fp_norm2.o)
 .bss           0x00800354        0x0 c:/winavr-20100110/bin/../lib/gcc/avr/4.3.3/avr5\libgcc.a(_mulsi3.o)
 .bss           0x00800354        0x0 c:/winavr-20100110/bin/../lib/gcc/avr/4.3.3/avr5\libgcc.a(_udivmodhi4.o)
 .bss           0x00800354        0x0 c:/winavr-20100110/bin/../lib/gcc/avr/4.3.3/avr5\libgcc.a(_udivmodsi4.o)
 .bss           0x00800354        0x0 c:/winavr-20100110/bin/../lib/gcc/avr/4.3.3/avr5\libgcc.a(_divmodsi4.o)
 .bss           0x00800354        0x0 c:/winavr-20100110/bin/../lib/gcc/avr/4.3.3/avr5\libgcc.a(_exit.o)
 .bss           0x00800354        0x0 c:/winavr-20100110/bin/../lib/gcc/avr/4.3.3/avr5\libgcc.a(_copy_data.o)
 .bss           0x00800354        0x0 c:/winavr-20100110/bin/../lib/gcc/avr/4.3.3/avr5\libgcc.a(_clear_bss.o)
 .bss           0x00800354        0x0 c:/winavr-20100110/bin/../lib/gcc/avr/4.3.3/../../../../avr/lib/avr5\libc.a(calloc.o)
 .bss           0x00800354        0x0 c:/winavr-20100110/bin/../lib/gcc/avr/4.3.3/../../../../avr/lib/avr5\libc.a(malloc.o)
 .bss           0x00800354        0x0 c:/winavr-20100110/bin/../lib/gcc/avr/4.3.3/../../../../avr/lib/avr5\libc.a(memset.o)
 .bss           0x00800354        0x0 c:/winavr-20100110/bin/../lib/gcc/avr/4.3.3/../../../../avr/lib/avr5\libc.a(eerd_byte_atmega328p.o)
 .bss           0x00800354        0x0 c:/winavr-20100110/bin/../lib/gcc/avr/4.3.3/../../../../avr/lib/avr5\libc.a(eerd_dword_atmega328p.o)
 .bss           0x00800354        0x0 c:/winavr-20100110/bin/../lib/gcc/avr/4.3.3/../../../../avr/lib/avr5\libc.a(eerd_word_atmega328p.o)
 .bss           0x00800354        0x0 c:/winavr-20100110/bin/../lib/gcc/avr/4.3.3/../../../../avr/lib/avr5\libc.a(eewr_byte_atmega328p.o)
 .bss           0x00800354        0x0 c:/winavr-20100110/bin/../lib/gcc/avr/4.3.3/../../../../avr/lib/avr5\libc.a(eewr_dword_atmega328p.o)
 .bss           0x00800354        0x0 c:/winavr-20100110/bin/../lib/gcc/avr/4.3.3/../../../../avr/lib/avr5\libc.a(eewr_word_atmega328p.o)
 .bss           0x00800354        0x0 c:/winavr-20100110/bin/../lib/gcc/avr/4.3.3/../../../../avr/lib/avr5\libc.a(eerd_block_atmega328p.o)
 *(.bss*)
 *(COMMON)
 COMMON         0x00800354        0x4 c:/winavr-20100110/bin/../lib/gcc/avr/4.3.3/../../../../avr/lib/avr5\libc.a(malloc.o)
                0x00800354                __brkval
                0x00800356                __flp
                0x00800358                PROVIDE (__bss_end, .)
                0x00004e98                __data_load_start = LOADADDR (.data)
                0x00004f12                __data_load_end = (__data_load_start + SIZEOF (.data))

.noinit         0x00800358        0x0
                0x00800358                PROVIDE (__noinit_start, .)
 *(.noinit*)
                0x00800358                PROVIDE (__noinit_end, .)
                0x00800358                _end = .
                0x00800358                PROVIDE (__heap_start, .)

.eeprom         0x00810000        0x0
 *(.eeprom*)
                0x00810000                __eeprom_end = .

.fuse
 *(.fuse)
 *(.lfuse)
 *(.hfuse)
 *(.efuse)

.lock
 *(.lock*)

.signature
 *(.signature*)

.stab
 *(.stab)

.stabstr
 *(.stabstr)

.stab.excl
 *(.stab.excl)

.stab.exclstr
 *(.stab.exclstr)

.stab.index
 *(.stab.index)

.stab.indexstr
 *(.stab.indexstr)

.comment
 *(.comment)

.debug
 *(.debug)

.line
 *(.line)

.debug_srcinfo
 *(.debug_srcinfo)

.debug_sfnames
 *(.debug_sfnames)

.debug_aranges  0x00000000      0x260
 *(.debug_aranges)
 .debug_aranges
                0x00000000       0x20 obj/zoError.o
 .debug_aranges
                0x00000020       0x20 obj/zoSystemTimer.o
 .debug_aranges
                0x00000040       0x20 obj/zoProtocol.o
 .debug_aranges
                0x00000060       0x20 obj/zoEncoder.o
 .debug_aranges
                0x00000080       0x20 obj/zoMotor.o
 .debug_aranges
                0x000000a0       0x20 obj/zoPid.o
 .debug_aranges
                0x000000c0       0x20 obj/zoSms.o
 .debug_aranges
                0x000000e0       0x20 obj/zoSmsError.o
 .debug_aranges
                0x00000100       0x20 obj/zoCommands.o
 .debug_aranges
                0x00000120       0x20 obj/zoAdc.o
 .debug_aranges
                0x00000140       0x20 obj/zoSpi.o
 .debug_aranges
                0x00000160       0x20 obj/zoI2c.o
 .debug_aranges
                0x00000180       0x20 obj/zoProtocolI2c.o
 .debug_aranges
                0x000001a0       0x20 obj/zoUart.o
 .debug_aranges
                0x000001c0       0x20 obj/zoProtocolUart.o
 .debug_aranges
                0x000001e0       0x20 obj/zoBuffer.o
 .debug_aranges
                0x00000200       0x20 obj/zoIcp.o
 .debug_aranges
                0x00000220       0x20 obj/zoProtocolRcServo.o
 .debug_aranges
                0x00000240       0x20 obj/main.o

.debug_pubnames
                0x00000000     0x15aa
 *(.debug_pubnames)
 .debug_pubnames
                0x00000000       0x77 obj/zoError.o
 .debug_pubnames
                0x00000077      0x12c obj/zoSystemTimer.o
 .debug_pubnames
                0x000001a3       0x7f obj/zoProtocol.o
 .debug_pubnames
                0x00000222       0xe5 obj/zoEncoder.o
 .debug_pubnames
                0x00000307       0x89 obj/zoMotor.o
 .debug_pubnames
                0x00000390       0x21 obj/zoPid.o
 .debug_pubnames
                0x000003b1       0xff obj/zoSms.o
 .debug_pubnames
                0x000004b0       0xe4 obj/zoSmsError.o
 .debug_pubnames
                0x00000594      0x604 obj/zoCommands.o
 .debug_pubnames
                0x00000b98       0xba obj/zoAdc.o
 .debug_pubnames
                0x00000c52       0x36 obj/zoSpi.o
 .debug_pubnames
                0x00000c88      0x368 obj/zoI2c.o
 .debug_pubnames
                0x00000ff0       0xa9 obj/zoProtocolI2c.o
 .debug_pubnames
                0x00001099      0x18c obj/zoUart.o
 .debug_pubnames
                0x00001225       0xaf obj/zoProtocolUart.o
 .debug_pubnames
                0x000012d4       0xc7 obj/zoBuffer.o
 .debug_pubnames
                0x0000139b      0x152 obj/zoIcp.o
 .debug_pubnames
                0x000014ed       0xa2 obj/zoProtocolRcServo.o
 .debug_pubnames
                0x0000158f       0x1b obj/main.o

.debug_info     0x00000000     0x6f44
 *(.debug_info)
 .debug_info    0x00000000      0x276 obj/zoError.o
 .debug_info    0x00000276      0x274 obj/zoSystemTimer.o
 .debug_info    0x000004ea      0x57a obj/zoProtocol.o
 .debug_info    0x00000a64      0x6e3 obj/zoEncoder.o
 .debug_info    0x00001147      0x593 obj/zoMotor.o
 .debug_info    0x000016da      0x18c obj/zoPid.o
 .debug_info    0x00001866      0x5ba obj/zoSms.o
 .debug_info    0x00001e20      0x7f5 obj/zoSmsError.o
 .debug_info    0x00002615     0x1ae5 obj/zoCommands.o
 .debug_info    0x000040fa      0x40e obj/zoAdc.o
 .debug_info    0x00004508       0xb3 obj/zoSpi.o
 .debug_info    0x000045bb      0x84e obj/zoI2c.o
 .debug_info    0x00004e09      0x35d obj/zoProtocolI2c.o
 .debug_info    0x00005166      0x5e2 obj/zoUart.o
 .debug_info    0x00005748      0x38f obj/zoProtocolUart.o
 .debug_info    0x00005ad7      0x3be obj/zoBuffer.o
 .debug_info    0x00005e95      0x378 obj/zoIcp.o
 .debug_info    0x0000620d      0x5ce obj/zoProtocolRcServo.o
 .debug_info    0x000067db      0x769 obj/main.o
 *(.gnu.linkonce.wi.*)

.debug_abbrev   0x00000000     0x1dfa
 *(.debug_abbrev)
 .debug_abbrev  0x00000000      0x1ae obj/zoError.o
 .debug_abbrev  0x000001ae      0x14a obj/zoSystemTimer.o
 .debug_abbrev  0x000002f8      0x1da obj/zoProtocol.o
 .debug_abbrev  0x000004d2      0x1cf obj/zoEncoder.o
 .debug_abbrev  0x000006a1      0x16e obj/zoMotor.o
 .debug_abbrev  0x0000080f       0xb1 obj/zoPid.o
 .debug_abbrev  0x000008c0      0x151 obj/zoSms.o
 .debug_abbrev  0x00000a11      0x1ba obj/zoSmsError.o
 .debug_abbrev  0x00000bcb      0x2c6 obj/zoCommands.o
 .debug_abbrev  0x00000e91      0x18f obj/zoAdc.o
 .debug_abbrev  0x00001020       0x88 obj/zoSpi.o
 .debug_abbrev  0x000010a8      0x23f obj/zoI2c.o
 .debug_abbrev  0x000012e7      0x144 obj/zoProtocolI2c.o
 .debug_abbrev  0x0000142b      0x24f obj/zoUart.o
 .debug_abbrev  0x0000167a      0x163 obj/zoProtocolUart.o
 .debug_abbrev  0x000017dd      0x1df obj/zoBuffer.o
 .debug_abbrev  0x000019bc      0x159 obj/zoIcp.o
 .debug_abbrev  0x00001b15      0x14e obj/zoProtocolRcServo.o
 .debug_abbrev  0x00001c63      0x197 obj/main.o

.debug_line     0x00000000     0x475f
 *(.debug_line)
 .debug_line    0x00000000      0x22e obj/zoError.o
 .debug_line    0x0000022e      0x25d obj/zoSystemTimer.o
 .debug_line    0x0000048b      0x387 obj/zoProtocol.o
 .debug_line    0x00000812      0x35f obj/zoEncoder.o
 .debug_line    0x00000b71      0x259 obj/zoMotor.o
 .debug_line    0x00000dca       0xf2 obj/zoPid.o
 .debug_line    0x00000ebc      0x462 obj/zoSms.o
 .debug_line    0x0000131e      0x34e obj/zoSmsError.o
 .debug_line    0x0000166c     0x1214 obj/zoCommands.o
 .debug_line    0x00002880      0x25c obj/zoAdc.o
 .debug_line    0x00002adc      0x127 obj/zoSpi.o
 .debug_line    0x00002c03      0x709 obj/zoI2c.o
 .debug_line    0x0000330c      0x29b obj/zoProtocolI2c.o
 .debug_line    0x000035a7      0x479 obj/zoUart.o
 .debug_line    0x00003a20      0x27c obj/zoProtocolUart.o
 .debug_line    0x00003c9c      0x2e1 obj/zoBuffer.o
 .debug_line    0x00003f7d      0x3ad obj/zoIcp.o
 .debug_line    0x0000432a      0x27c obj/zoProtocolRcServo.o
 .debug_line    0x000045a6      0x1b9 obj/main.o

.debug_frame    0x00000000      0xe00
 *(.debug_frame)
 .debug_frame   0x00000000       0x70 obj/zoError.o
 .debug_frame   0x00000070       0xb0 obj/zoSystemTimer.o
 .debug_frame   0x00000120       0x60 obj/zoProtocol.o
 .debug_frame   0x00000180       0xa0 obj/zoEncoder.o
 .debug_frame   0x00000220       0x70 obj/zoMotor.o
 .debug_frame   0x00000290       0x20 obj/zoPid.o
 .debug_frame   0x000002b0       0xa0 obj/zoSms.o
 .debug_frame   0x00000350       0x70 obj/zoSmsError.o
 .debug_frame   0x000003c0      0x330 obj/zoCommands.o
 .debug_frame   0x000006f0       0xa0 obj/zoAdc.o
 .debug_frame   0x00000790       0x30 obj/zoSpi.o
 .debug_frame   0x000007c0      0x230 obj/zoI2c.o
 .debug_frame   0x000009f0       0x70 obj/zoProtocolI2c.o
 .debug_frame   0x00000a60      0x130 obj/zoUart.o
 .debug_frame   0x00000b90       0x60 obj/zoProtocolUart.o
 .debug_frame   0x00000bf0       0xb0 obj/zoBuffer.o
 .debug_frame   0x00000ca0       0xe0 obj/zoIcp.o
 .debug_frame   0x00000d80       0x60 obj/zoProtocolRcServo.o
 .debug_frame   0x00000de0       0x20 obj/main.o

.debug_str      0x00000000     0x2a21
 *(.debug_str)
 .debug_str     0x00000000      0x10f obj/zoError.o
                                0x14a (size before relaxing)
 .debug_str     0x0000010f      0x163 obj/zoSystemTimer.o
                                0x24f (size before relaxing)
 .debug_str     0x00000272      0x1d3 obj/zoProtocol.o
                                0x2cf (size before relaxing)
 .debug_str     0x00000445      0x515 obj/zoEncoder.o
                                0x6bc (size before relaxing)
 .debug_str     0x0000095a       0xe1 obj/zoMotor.o
                                0x63d (size before relaxing)
 .debug_str     0x00000a3b       0x13 obj/zoPid.o
                                0x15c (size before relaxing)
 .debug_str     0x00000a4e      0x283 obj/zoSms.o
                                0x7df (size before relaxing)
 .debug_str     0x00000cd1      0x12f obj/zoSmsError.o
                                0x7b1 (size before relaxing)
 .debug_str     0x00000e00      0xc5a obj/zoCommands.o
                               0x130d (size before relaxing)
 .debug_str     0x00001a5a      0x1d5 obj/zoAdc.o
                                0x480 (size before relaxing)
 .debug_str     0x00001c2f       0x24 obj/zoSpi.o
                                0x105 (size before relaxing)
 .debug_str     0x00001c53      0x459 obj/zoI2c.o
                                0x589 (size before relaxing)
 .debug_str     0x000020ac       0xd0 obj/zoProtocolI2c.o
                                0x254 (size before relaxing)
 .debug_str     0x0000217c      0x2c0 obj/zoUart.o
                                0x3fe (size before relaxing)
 .debug_str     0x0000243c      0x15c obj/zoProtocolUart.o
                                0x389 (size before relaxing)
 .debug_str     0x00002598       0x9e obj/zoBuffer.o
                                0x1a7 (size before relaxing)
 .debug_str     0x00002636      0x284 obj/zoIcp.o
                                0x37e (size before relaxing)
 .debug_str     0x000028ba      0x109 obj/zoProtocolRcServo.o
                                0x726 (size before relaxing)
 .debug_str     0x000029c3       0x5e obj/main.o
                                0x6df (size before relaxing)

.debug_loc      0x00000000     0x1fbc
 *(.debug_loc)
 .debug_loc     0x00000000       0xf0 obj/zoError.o
 .debug_loc     0x000000f0       0xf0 obj/zoSystemTimer.o
 .debug_loc     0x000001e0      0x3d5 obj/zoProtocol.o
 .debug_loc     0x000005b5       0xa8 obj/zoEncoder.o
 .debug_loc     0x0000065d       0x3c obj/zoMotor.o
 .debug_loc     0x00000699       0x38 obj/zoPid.o
 .debug_loc     0x000006d1      0x25f obj/zoSmsError.o
 .debug_loc     0x00000930      0xb77 obj/zoCommands.o
 .debug_loc     0x000014a7       0x3e obj/zoAdc.o
 .debug_loc     0x000014e5       0x13 obj/zoSpi.o
 .debug_loc     0x000014f8      0x1f2 obj/zoI2c.o
 .debug_loc     0x000016ea      0x1d7 obj/zoProtocolI2c.o
 .debug_loc     0x000018c1      0x1a6 obj/zoUart.o
 .debug_loc     0x00001a67      0x265 obj/zoProtocolUart.o
 .debug_loc     0x00001ccc      0x202 obj/zoBuffer.o
 .debug_loc     0x00001ece       0x8e obj/zoIcp.o
 .debug_loc     0x00001f5c       0x60 obj/zoProtocolRcServo.o

.debug_macinfo
 *(.debug_macinfo)
OUTPUT(main.elf elf32-avr)
LOAD linker stubs

.debug_ranges   0x00000000      0x180
 .debug_ranges  0x00000000       0x48 obj/zoError.o
 .debug_ranges  0x00000048       0xf0 obj/zoProtocol.o
 .debug_ranges  0x00000138       0x48 obj/zoBuffer.o

Cross Reference Table

Symbol                                            File
Sms                                               obj/zoSms.o
                                                  obj/main.o
                                                  obj/zoProtocolRcServo.o
                                                  obj/zoCommands.o
                                                  obj/zoSmsError.o
                                                  obj/zoMotor.o
                                                  obj/zoEncoder.o
__addsf3                                          c:/winavr-20100110/bin/../lib/gcc/avr/4.3.3/../../../../avr/lib/avr5\libm.a(addsf3.o)
                                                  obj/zoSms.o
__addsf3x                                         c:/winavr-20100110/bin/../lib/gcc/avr/4.3.3/../../../../avr/lib/avr5\libm.a(addsf3x.o)
                                                  c:/winavr-20100110/bin/../lib/gcc/avr/4.3.3/../../../../avr/lib/avr5\libm.a(addsf3.o)
__bad_interrupt                                   c:/winavr-20100110/bin/../lib/gcc/avr/4.3.3/../../../../avr/lib/avr5/crtm328p.o
__brkval                                          c:/winavr-20100110/bin/../lib/gcc/avr/4.3.3/../../../../avr/lib/avr5\libc.a(malloc.o)
__bss_end                                         c:/winavr-20100110/bin/../lib/gcc/avr/4.3.3/avr5\libgcc.a(_clear_bss.o)
__bss_start                                       c:/winavr-20100110/bin/../lib/gcc/avr/4.3.3/avr5\libgcc.a(_clear_bss.o)
__data_end                                        c:/winavr-20100110/bin/../lib/gcc/avr/4.3.3/avr5\libgcc.a(_copy_data.o)
__data_load_start                                 c:/winavr-20100110/bin/../lib/gcc/avr/4.3.3/avr5\libgcc.a(_copy_data.o)
__data_start                                      c:/winavr-20100110/bin/../lib/gcc/avr/4.3.3/avr5\libgcc.a(_copy_data.o)
__divmodsi4                                       c:/winavr-20100110/bin/../lib/gcc/avr/4.3.3/avr5\libgcc.a(_divmodsi4.o)
                                                  obj/zoCommands.o
__divsf3                                          c:/winavr-20100110/bin/../lib/gcc/avr/4.3.3/../../../../avr/lib/avr5\libm.a(divsf3.o)
                                                  obj/zoCommands.o
                                                  obj/zoSms.o
                                                  obj/zoEncoder.o
__divsf3_pse                                      c:/winavr-20100110/bin/../lib/gcc/avr/4.3.3/../../../../avr/lib/avr5\libm.a(divsf3x.o)
__divsf3x                                         c:/winavr-20100110/bin/../lib/gcc/avr/4.3.3/../../../../avr/lib/avr5\libm.a(divsf3x.o)
                                                  c:/winavr-20100110/bin/../lib/gcc/avr/4.3.3/../../../../avr/lib/avr5\libm.a(divsf3.o)
__do_clear_bss                                    c:/winavr-20100110/bin/../lib/gcc/avr/4.3.3/avr5\libgcc.a(_clear_bss.o)
                                                  c:/winavr-20100110/bin/../lib/gcc/avr/4.3.3/../../../../avr/lib/avr5\libc.a(malloc.o)
                                                  obj/zoProtocolRcServo.o
                                                  obj/zoIcp.o
                                                  obj/zoProtocolUart.o
                                                  obj/zoUart.o
                                                  obj/zoProtocolI2c.o
                                                  obj/zoI2c.o
                                                  obj/zoAdc.o
                                                  obj/zoCommands.o
                                                  obj/zoSmsError.o
                                                  obj/zoMotor.o
                                                  obj/zoEncoder.o
                                                  obj/zoSystemTimer.o
__do_copy_data                                    c:/winavr-20100110/bin/../lib/gcc/avr/4.3.3/avr5\libgcc.a(_copy_data.o)
                                                  c:/winavr-20100110/bin/../lib/gcc/avr/4.3.3/../../../../avr/lib/avr5\libc.a(malloc.o)
                                                  obj/zoProtocolUart.o
                                                  obj/zoUart.o
                                                  obj/zoProtocolI2c.o
                                                  obj/zoI2c.o
                                                  obj/zoSms.o
                                                  obj/zoEncoder.o
                                                  obj/zoSystemTimer.o
__eerd_block_m328p                                c:/winavr-20100110/bin/../lib/gcc/avr/4.3.3/../../../../avr/lib/avr5\libc.a(eerd_block_atmega328p.o)
__eerd_blraw_m328p                                c:/winavr-20100110/bin/../lib/gcc/avr/4.3.3/../../../../avr/lib/avr5\libc.a(eerd_block_atmega328p.o)
                                                  c:/winavr-20100110/bin/../lib/gcc/avr/4.3.3/../../../../avr/lib/avr5\libc.a(eerd_word_atmega328p.o)
                                                  c:/winavr-20100110/bin/../lib/gcc/avr/4.3.3/../../../../avr/lib/avr5\libc.a(eerd_dword_atmega328p.o)
__eerd_byte_m328p                                 c:/winavr-20100110/bin/../lib/gcc/avr/4.3.3/../../../../avr/lib/avr5\libc.a(eerd_byte_atmega328p.o)
                                                  obj/zoSms.o
__eerd_dword_m328p                                c:/winavr-20100110/bin/../lib/gcc/avr/4.3.3/../../../../avr/lib/avr5\libc.a(eerd_dword_atmega328p.o)
                                                  obj/zoSms.o
__eerd_float_m328p                                c:/winavr-20100110/bin/../lib/gcc/avr/4.3.3/../../../../avr/lib/avr5\libc.a(eerd_dword_atmega328p.o)
__eerd_word_m328p                                 c:/winavr-20100110/bin/../lib/gcc/avr/4.3.3/../../../../avr/lib/avr5\libc.a(eerd_word_atmega328p.o)
                                                  obj/zoSms.o
__eewr_byte_m328p                                 c:/winavr-20100110/bin/../lib/gcc/avr/4.3.3/../../../../avr/lib/avr5\libc.a(eewr_byte_atmega328p.o)
                                                  c:/winavr-20100110/bin/../lib/gcc/avr/4.3.3/../../../../avr/lib/avr5\libc.a(eewr_word_atmega328p.o)
                                                  obj/zoCommands.o
                                                  obj/zoSms.o
__eewr_dword_m328p                                c:/winavr-20100110/bin/../lib/gcc/avr/4.3.3/../../../../avr/lib/avr5\libc.a(eewr_dword_atmega328p.o)
                                                  obj/zoCommands.o
                                                  obj/zoSms.o
__eewr_float_m328p                                c:/winavr-20100110/bin/../lib/gcc/avr/4.3.3/../../../../avr/lib/avr5\libc.a(eewr_dword_atmega328p.o)
__eewr_r18_m328p                                  c:/winavr-20100110/bin/../lib/gcc/avr/4.3.3/../../../../avr/lib/avr5\libc.a(eewr_byte_atmega328p.o)
                                                  c:/winavr-20100110/bin/../lib/gcc/avr/4.3.3/../../../../avr/lib/avr5\libc.a(eewr_word_atmega328p.o)
                                                  c:/winavr-20100110/bin/../lib/gcc/avr/4.3.3/../../../../avr/lib/avr5\libc.a(eewr_dword_atmega328p.o)
__eewr_word_m328p                                 c:/winavr-20100110/bin/../lib/gcc/avr/4.3.3/../../../../avr/lib/avr5\libc.a(eewr_word_atmega328p.o)
                                                  c:/winavr-20100110/bin/../lib/gcc/avr/4.3.3/../../../../avr/lib/avr5\libc.a(eewr_dword_atmega328p.o)
                                                  obj/zoCommands.o
                                                  obj/zoSms.o
__fixsfsi                                         c:/winavr-20100110/bin/../lib/gcc/avr/4.3.3/../../../../avr/lib/avr5\libm.a(fixsfsi.o)
                                                  obj/zoProtocolRcServo.o
                                                  obj/zoCommands.o
                                                  obj/zoSms.o
                                                  obj/zoEncoder.o
__fixunssfsi                                      c:/winavr-20100110/bin/../lib/gcc/avr/4.3.3/../../../../avr/lib/avr5\libm.a(fixunssfsi.o)
                                                  c:/winavr-20100110/bin/../lib/gcc/avr/4.3.3/../../../../avr/lib/avr5\libm.a(fixsfsi.o)
__floatsisf                                       c:/winavr-20100110/bin/../lib/gcc/avr/4.3.3/../../../../avr/lib/avr5\libm.a(floatsisf.o)
                                                  obj/zoCommands.o
                                                  obj/zoSms.o
                                                  obj/zoEncoder.o
__floatunsisf                                     c:/winavr-20100110/bin/../lib/gcc/avr/4.3.3/../../../../avr/lib/avr5\libm.a(floatsisf.o)
                                                  obj/zoProtocolRcServo.o
__flp                                             c:/winavr-20100110/bin/../lib/gcc/avr/4.3.3/../../../../avr/lib/avr5\libc.a(malloc.o)
__fp_inf                                          c:/winavr-20100110/bin/../lib/gcc/avr/4.3.3/../../../../avr/lib/avr5\libm.a(fp_inf.o)
                                                  c:/winavr-20100110/bin/../lib/gcc/avr/4.3.3/../../../../avr/lib/avr5\libm.a(mulsf3x.o)
                                                  c:/winavr-20100110/bin/../lib/gcc/avr/4.3.3/../../../../avr/lib/avr5\libm.a(divsf3x.o)
                                                  c:/winavr-20100110/bin/../lib/gcc/avr/4.3.3/../../../../avr/lib/avr5\libm.a(addsf3x.o)
__fp_mpack                                        c:/winavr-20100110/bin/../lib/gcc/avr/4.3.3/../../../../avr/lib/avr5\libm.a(fp_mpack.o)
                                                  c:/winavr-20100110/bin/../lib/gcc/avr/4.3.3/../../../../avr/lib/avr5\libm.a(sqrt.o)
__fp_mpack_finite                                 c:/winavr-20100110/bin/../lib/gcc/avr/4.3.3/../../../../avr/lib/avr5\libm.a(fp_mpack.o)
__fp_nan                                          c:/winavr-20100110/bin/../lib/gcc/avr/4.3.3/../../../../avr/lib/avr5\libm.a(fp_nan.o)
                                                  c:/winavr-20100110/bin/../lib/gcc/avr/4.3.3/../../../../avr/lib/avr5\libm.a(sqrt.o)
                                                  c:/winavr-20100110/bin/../lib/gcc/avr/4.3.3/../../../../avr/lib/avr5\libm.a(mulsf3x.o)
                                                  c:/winavr-20100110/bin/../lib/gcc/avr/4.3.3/../../../../avr/lib/avr5\libm.a(divsf3x.o)
                                                  c:/winavr-20100110/bin/../lib/gcc/avr/4.3.3/../../../../avr/lib/avr5\libm.a(addsf3x.o)
__fp_norm2                                        c:/winavr-20100110/bin/../lib/gcc/avr/4.3.3/../../../../avr/lib/avr5\libm.a(fp_norm2.o)
                                                  c:/winavr-20100110/bin/../lib/gcc/avr/4.3.3/../../../../avr/lib/avr5\libm.a(sqrt.o)
__fp_pscA                                         c:/winavr-20100110/bin/../lib/gcc/avr/4.3.3/../../../../avr/lib/avr5\libm.a(fp_pscA.o)
                                                  c:/winavr-20100110/bin/../lib/gcc/avr/4.3.3/../../../../avr/lib/avr5\libm.a(mulsf3x.o)
                                                  c:/winavr-20100110/bin/../lib/gcc/avr/4.3.3/../../../../avr/lib/avr5\libm.a(divsf3x.o)
                                                  c:/winavr-20100110/bin/../lib/gcc/avr/4.3.3/../../../../avr/lib/avr5\libm.a(addsf3x.o)
__fp_pscB                                         c:/winavr-20100110/bin/../lib/gcc/avr/4.3.3/../../../../avr/lib/avr5\libm.a(fp_pscB.o)
                                                  c:/winavr-20100110/bin/../lib/gcc/avr/4.3.3/../../../../avr/lib/avr5\libm.a(mulsf3x.o)
                                                  c:/winavr-20100110/bin/../lib/gcc/avr/4.3.3/../../../../avr/lib/avr5\libm.a(divsf3x.o)
                                                  c:/winavr-20100110/bin/../lib/gcc/avr/4.3.3/../../../../avr/lib/avr5\libm.a(addsf3x.o)
__fp_round                                        c:/winavr-20100110/bin/../lib/gcc/avr/4.3.3/../../../../avr/lib/avr5\libm.a(fp_round.o)
                                                  c:/winavr-20100110/bin/../lib/gcc/avr/4.3.3/../../../../avr/lib/avr5\libm.a(mulsf3.o)
                                                  c:/winavr-20100110/bin/../lib/gcc/avr/4.3.3/../../../../avr/lib/avr5\libm.a(divsf3.o)
                                                  c:/winavr-20100110/bin/../lib/gcc/avr/4.3.3/../../../../avr/lib/avr5\libm.a(addsf3.o)
__fp_split3                                       c:/winavr-20100110/bin/../lib/gcc/avr/4.3.3/../../../../avr/lib/avr5\libm.a(fp_split3.o)
                                                  c:/winavr-20100110/bin/../lib/gcc/avr/4.3.3/../../../../avr/lib/avr5\libm.a(mulsf3x.o)
                                                  c:/winavr-20100110/bin/../lib/gcc/avr/4.3.3/../../../../avr/lib/avr5\libm.a(divsf3x.o)
                                                  c:/winavr-20100110/bin/../lib/gcc/avr/4.3.3/../../../../avr/lib/avr5\libm.a(addsf3x.o)
__fp_splitA                                       c:/winavr-20100110/bin/../lib/gcc/avr/4.3.3/../../../../avr/lib/avr5\libm.a(fp_split3.o)
                                                  c:/winavr-20100110/bin/../lib/gcc/avr/4.3.3/../../../../avr/lib/avr5\libm.a(sqrt.o)
                                                  c:/winavr-20100110/bin/../lib/gcc/avr/4.3.3/../../../../avr/lib/avr5\libm.a(fixunssfsi.o)
__fp_szero                                        c:/winavr-20100110/bin/../lib/gcc/avr/4.3.3/../../../../avr/lib/avr5\libm.a(fp_zero.o)
                                                  c:/winavr-20100110/bin/../lib/gcc/avr/4.3.3/../../../../avr/lib/avr5\libm.a(mulsf3x.o)
                                                  c:/winavr-20100110/bin/../lib/gcc/avr/4.3.3/../../../../avr/lib/avr5\libm.a(fixsfsi.o)
                                                  c:/winavr-20100110/bin/../lib/gcc/avr/4.3.3/../../../../avr/lib/avr5\libm.a(divsf3x.o)
__fp_zero                                         c:/winavr-20100110/bin/../lib/gcc/avr/4.3.3/../../../../avr/lib/avr5\libm.a(fp_zero.o)
                                                  c:/winavr-20100110/bin/../lib/gcc/avr/4.3.3/../../../../avr/lib/avr5\libm.a(fixunssfsi.o)
                                                  c:/winavr-20100110/bin/../lib/gcc/avr/4.3.3/../../../../avr/lib/avr5\libm.a(addsf3x.o)
__heap_end                                        c:/winavr-20100110/bin/../lib/gcc/avr/4.3.3/../../../../avr/lib/avr5/crtm328p.o
                                                  c:/winavr-20100110/bin/../lib/gcc/avr/4.3.3/../../../../avr/lib/avr5\libc.a(malloc.o)
__heap_start                                      c:/winavr-20100110/bin/../lib/gcc/avr/4.3.3/../../../../avr/lib/avr5\libc.a(malloc.o)
__init                                            c:/winavr-20100110/bin/../lib/gcc/avr/4.3.3/../../../../avr/lib/avr5/crtm328p.o
__malloc_heap_end                                 c:/winavr-20100110/bin/../lib/gcc/avr/4.3.3/../../../../avr/lib/avr5\libc.a(malloc.o)
__malloc_heap_start                               c:/winavr-20100110/bin/../lib/gcc/avr/4.3.3/../../../../avr/lib/avr5\libc.a(malloc.o)
__malloc_margin                                   c:/winavr-20100110/bin/../lib/gcc/avr/4.3.3/../../../../avr/lib/avr5\libc.a(malloc.o)
__mulsf3                                          c:/winavr-20100110/bin/../lib/gcc/avr/4.3.3/../../../../avr/lib/avr5\libm.a(mulsf3.o)
                                                  c:/winavr-20100110/bin/../lib/gcc/avr/4.3.3/../../../../avr/lib/avr5\libm.a(square.o)
                                                  obj/zoProtocolRcServo.o
                                                  obj/zoCommands.o
                                                  obj/zoSms.o
                                                  obj/zoEncoder.o
__mulsf3_pse                                      c:/winavr-20100110/bin/../lib/gcc/avr/4.3.3/../../../../avr/lib/avr5\libm.a(mulsf3x.o)
__mulsf3x                                         c:/winavr-20100110/bin/../lib/gcc/avr/4.3.3/../../../../avr/lib/avr5\libm.a(mulsf3x.o)
                                                  c:/winavr-20100110/bin/../lib/gcc/avr/4.3.3/../../../../avr/lib/avr5\libm.a(mulsf3.o)
__mulsi3                                          c:/winavr-20100110/bin/../lib/gcc/avr/4.3.3/avr5\libgcc.a(_mulsi3.o)
                                                  obj/zoCommands.o
                                                  obj/zoPid.o
__stack                                           c:/winavr-20100110/bin/../lib/gcc/avr/4.3.3/../../../../avr/lib/avr5/crtm328p.o
__subsf3                                          c:/winavr-20100110/bin/../lib/gcc/avr/4.3.3/../../../../avr/lib/avr5\libm.a(addsf3.o)
                                                  obj/zoSms.o
__udivmodhi4                                      c:/winavr-20100110/bin/../lib/gcc/avr/4.3.3/avr5\libgcc.a(_udivmodhi4.o)
                                                  obj/zoI2c.o
                                                  obj/zoSms.o
__udivmodsi4                                      c:/winavr-20100110/bin/../lib/gcc/avr/4.3.3/avr5\libgcc.a(_udivmodsi4.o)
                                                  c:/winavr-20100110/bin/../lib/gcc/avr/4.3.3/avr5\libgcc.a(_divmodsi4.o)
                                                  obj/zoUart.o
                                                  obj/zoProtocolI2c.o
__vector_1                                        c:/winavr-20100110/bin/../lib/gcc/avr/4.3.3/../../../../avr/lib/avr5/crtm328p.o
__vector_10                                       obj/zoIcp.o
                                                  c:/winavr-20100110/bin/../lib/gcc/avr/4.3.3/../../../../avr/lib/avr5/crtm328p.o
__vector_11                                       c:/winavr-20100110/bin/../lib/gcc/avr/4.3.3/../../../../avr/lib/avr5/crtm328p.o
__vector_12                                       c:/winavr-20100110/bin/../lib/gcc/avr/4.3.3/../../../../avr/lib/avr5/crtm328p.o
__vector_13                                       obj/zoIcp.o
                                                  c:/winavr-20100110/bin/../lib/gcc/avr/4.3.3/../../../../avr/lib/avr5/crtm328p.o
__vector_14                                       c:/winavr-20100110/bin/../lib/gcc/avr/4.3.3/../../../../avr/lib/avr5/crtm328p.o
__vector_15                                       c:/winavr-20100110/bin/../lib/gcc/avr/4.3.3/../../../../avr/lib/avr5/crtm328p.o
__vector_16                                       obj/zoMotor.o
                                                  c:/winavr-20100110/bin/../lib/gcc/avr/4.3.3/../../../../avr/lib/avr5/crtm328p.o
__vector_17                                       c:/winavr-20100110/bin/../lib/gcc/avr/4.3.3/../../../../avr/lib/avr5/crtm328p.o
__vector_18                                       obj/zoUart.o
                                                  c:/winavr-20100110/bin/../lib/gcc/avr/4.3.3/../../../../avr/lib/avr5/crtm328p.o
__vector_19                                       obj/zoUart.o
                                                  c:/winavr-20100110/bin/../lib/gcc/avr/4.3.3/../../../../avr/lib/avr5/crtm328p.o
__vector_2                                        c:/winavr-20100110/bin/../lib/gcc/avr/4.3.3/../../../../avr/lib/avr5/crtm328p.o
__vector_20                                       obj/zoUart.o
                                                  c:/winavr-20100110/bin/../lib/gcc/avr/4.3.3/../../../../avr/lib/avr5/crtm328p.o
__vector_21                                       obj/zoAdc.o
                                                  c:/winavr-20100110/bin/../lib/gcc/avr/4.3.3/../../../../avr/lib/avr5/crtm328p.o
__vector_22                                       c:/winavr-20100110/bin/../lib/gcc/avr/4.3.3/../../../../avr/lib/avr5/crtm328p.o
__vector_23                                       c:/winavr-20100110/bin/../lib/gcc/avr/4.3.3/../../../../avr/lib/avr5/crtm328p.o
__vector_24                                       obj/zoI2c.o
                                                  c:/winavr-20100110/bin/../lib/gcc/avr/4.3.3/../../../../avr/lib/avr5/crtm328p.o
__vector_25                                       c:/winavr-20100110/bin/../lib/gcc/avr/4.3.3/../../../../avr/lib/avr5/crtm328p.o
__vector_3                                        c:/winavr-20100110/bin/../lib/gcc/avr/4.3.3/../../../../avr/lib/avr5/crtm328p.o
__vector_4                                        c:/winavr-20100110/bin/../lib/gcc/avr/4.3.3/../../../../avr/lib/avr5/crtm328p.o
__vector_5                                        c:/winavr-20100110/bin/../lib/gcc/avr/4.3.3/../../../../avr/lib/avr5/crtm328p.o
__vector_6                                        obj/zoSystemTimer.o
                                                  c:/winavr-20100110/bin/../lib/gcc/avr/4.3.3/../../../../avr/lib/avr5/crtm328p.o
__vector_7                                        c:/winavr-20100110/bin/../lib/gcc/avr/4.3.3/../../../../avr/lib/avr5/crtm328p.o
__vector_8                                        c:/winavr-20100110/bin/../lib/gcc/avr/4.3.3/../../../../avr/lib/avr5/crtm328p.o
__vector_9                                        c:/winavr-20100110/bin/../lib/gcc/avr/4.3.3/../../../../avr/lib/avr5/crtm328p.o
__vector_default                                  c:/winavr-20100110/bin/../lib/gcc/avr/4.3.3/../../../../avr/lib/avr5/crtm328p.o
__vectors                                         c:/winavr-20100110/bin/../lib/gcc/avr/4.3.3/../../../../avr/lib/avr5/crtm328p.o
_exit                                             c:/winavr-20100110/bin/../lib/gcc/avr/4.3.3/avr5\libgcc.a(_exit.o)
accelerationCompleteCriterion                     obj/zoSms.o
calloc                                            c:/winavr-20100110/bin/../lib/gcc/avr/4.3.3/../../../../avr/lib/avr5\libc.a(calloc.o)
                                                  obj/zoBuffer.o
constantVelocityCompletedCriterion                obj/zoSms.o
deccelRecalc                                      obj/zoSms.o
exit                                              c:/winavr-20100110/bin/../lib/gcc/avr/4.3.3/avr5\libgcc.a(_exit.o)
                                                  c:/winavr-20100110/bin/../lib/gcc/avr/4.3.3/../../../../avr/lib/avr5/crtm328p.o
free                                              c:/winavr-20100110/bin/../lib/gcc/avr/4.3.3/../../../../avr/lib/avr5\libc.a(malloc.o)
icpFailedInterruptHandler                         obj/zoProtocolRcServo.o
icpInterruptHandler                               obj/zoProtocolRcServo.o
icpTimerOverFlowInterruptHandler                  obj/zoProtocolRcServo.o
main                                              obj/main.o
                                                  c:/winavr-20100110/bin/../lib/gcc/avr/4.3.3/../../../../avr/lib/avr5/crtm328p.o
malloc                                            c:/winavr-20100110/bin/../lib/gcc/avr/4.3.3/../../../../avr/lib/avr5\libc.a(malloc.o)
                                                  c:/winavr-20100110/bin/../lib/gcc/avr/4.3.3/../../../../avr/lib/avr5\libc.a(calloc.o)
memset                                            c:/winavr-20100110/bin/../lib/gcc/avr/4.3.3/../../../../avr/lib/avr5\libc.a(memset.o)
                                                  c:/winavr-20100110/bin/../lib/gcc/avr/4.3.3/../../../../avr/lib/avr5\libc.a(calloc.o)
positionReachedCriterion                          obj/zoSms.o
sqrt                                              c:/winavr-20100110/bin/../lib/gcc/avr/4.3.3/../../../../avr/lib/avr5\libm.a(sqrt.o)
                                                  obj/zoCommands.o
square                                            c:/winavr-20100110/bin/../lib/gcc/avr/4.3.3/../../../../avr/lib/avr5\libm.a(square.o)
                                                  obj/zoSms.o
zoAdcChannelDisable                               obj/zoAdc.o
zoAdcChannelEnable                                obj/zoAdc.o
                                                  obj/zoSms.o
zoAdcInit                                         obj/zoAdc.o
                                                  obj/zoSms.o
zoAdcOff                                          obj/zoAdc.o
zoAdcRead                                         obj/zoAdc.o
                                                  obj/zoCommands.o
zoAdcSetPrescaler                                 obj/zoAdc.o
zoAdcSetReference                                 obj/zoAdc.o
zoAdcSetTrigger                                   obj/zoAdc.o
                                                  obj/zoSms.o
zoBufferFlush                                     obj/zoBuffer.o
                                                  obj/zoUart.o
zoBufferGet                                       obj/zoBuffer.o
                                                  obj/zoUart.o
zoBufferGetIsr                                    obj/zoBuffer.o
                                                  obj/zoUart.o
zoBufferInit                                      obj/zoBuffer.o
                                                  obj/zoUart.o
zoBufferIsEmpty                                   obj/zoBuffer.o
                                                  obj/zoUart.o
zoBufferIsFull                                    obj/zoBuffer.o
                                                  obj/zoUart.o
zoBufferPut                                       obj/zoBuffer.o
                                                  obj/zoUart.o
zoBufferPutIsr                                    obj/zoBuffer.o
                                                  obj/zoUart.o
zoBufferRead                                      obj/zoBuffer.o
zoBufferReadIsr                                   obj/zoBuffer.o
zoCommandAbsolutePositionMove                     obj/zoCommands.o
zoCommandConfigureDigitalIO                       obj/zoCommands.o
zoCommandDoMove                                   obj/zoCommands.o
zoCommandGetAbsolutePosition                      obj/zoCommands.o
zoCommandGetAnalogIn                              obj/zoCommands.o
zoCommandGetCurrent                               obj/zoCommands.o
zoCommandGetCurrentLimit                          obj/zoCommands.o
zoCommandGetCurrentLimitDuration                  obj/zoCommands.o
zoCommandGetDigitalIn                             obj/zoCommands.o
zoCommandGetDigitalIoConfiguration                obj/zoCommands.o
zoCommandGetGainD                                 obj/zoCommands.o
zoCommandGetGainI                                 obj/zoCommands.o
zoCommandGetGainP                                 obj/zoCommands.o
zoCommandGetLocalAcceptanceMask                   obj/zoCommands.o
zoCommandGetPosition                              obj/zoCommands.o
zoCommandGetProfileAcceleration                   obj/zoCommands.o
zoCommandGetProfileVelocity                       obj/zoCommands.o
zoCommandGetVelocity                              obj/zoCommands.o
zoCommandGetWarning                               obj/zoCommands.o
zoCommandHalt                                     obj/zoCommands.o
zoCommandProfiledAbsolutePositionMove             obj/zoCommands.o
zoCommandProfiledRelativePositionMove             obj/zoCommands.o
zoCommandProfiledVelocityMove                     obj/zoCommands.o
zoCommandRelativePositionMove                     obj/zoCommands.o
zoCommandResetPosition                            obj/zoCommands.o
zoCommandSetAbsolutePositionSetpoint              obj/zoCommands.o
zoCommandSetBaudUart                              obj/zoCommands.o
zoCommandSetCurrentLimit                          obj/zoCommands.o
zoCommandSetCurrentLimitDuration                  obj/zoCommands.o
zoCommandSetDigitalOut                            obj/zoCommands.o
zoCommandSetErrorReportingLevel                   obj/zoCommands.o
zoCommandSetGainD                                 obj/zoCommands.o
zoCommandSetGainI                                 obj/zoCommands.o
zoCommandSetGainP                                 obj/zoCommands.o
zoCommandSetLocalAcceptanceMask                   obj/zoCommands.o
zoCommandSetNodeID                                obj/zoCommands.o
zoCommandSetProfileAcceleration                   obj/zoCommands.o
zoCommandSetProfileVelocity                       obj/zoCommands.o
zoCommandSetProfiledAbsolutePositionSetpoint      obj/zoCommands.o
zoCommandSetProfiledRelativePositionSetpoint      obj/zoCommands.o
zoCommandSetProfiledVelocitySetpoint              obj/zoCommands.o
zoCommandSetRelativePositionSetpoint              obj/zoCommands.o
zoCommandSetVelocitySetpoint                      obj/zoCommands.o
zoCommandStart                                    obj/zoCommands.o
zoCommandStop                                     obj/zoCommands.o
                                                  obj/zoSmsError.o
zoCommandVelocityMove                             obj/zoCommands.o
zoCommandsError                                   obj/zoCommands.o
                                                  obj/zoSmsError.o
zoCommandsInit                                    obj/zoCommands.o
                                                  obj/main.o
zoCommandsServiceCommand                          obj/zoCommands.o
                                                  obj/main.o
zoEncoderGetPos                                   obj/zoEncoder.o
                                                  obj/zoProtocolRcServo.o
                                                  obj/zoCommands.o
                                                  obj/zoSmsError.o
                                                  obj/zoSms.o
zoEncoderGetPosAbsolute                           obj/zoEncoder.o
                                                  obj/zoProtocolRcServo.o
                                                  obj/zoCommands.o
zoEncoderGetPosSpi                                obj/zoEncoder.o
zoEncoderGetVel                                   obj/zoEncoder.o
                                                  obj/zoCommands.o
zoEncoderInit                                     obj/zoEncoder.o
                                                  obj/zoSms.o
zoEncoderPollOverFlowError                        obj/zoEncoder.o
                                                  obj/zoSmsError.o
zoEncoderPollUnderFlowError                       obj/zoEncoder.o
                                                  obj/zoSmsError.o
zoEncoderReset                                    obj/zoEncoder.o
                                                  obj/zoProtocolRcServo.o
                                                  obj/zoCommands.o
                                                  obj/zoSms.o
zoEncoderSetVel                                   obj/zoEncoder.o
                                                  obj/zoSms.o
zoErrorGet                                        obj/zoError.o
                                                  obj/zoCommands.o
                                                  obj/zoSmsError.o
                                                  obj/zoProtocol.o
zoErrorGetIsr                                     obj/zoError.o
zoErrorInit                                       obj/zoError.o
                                                  obj/zoUart.o
                                                  obj/zoI2c.o
                                                  obj/zoCommands.o
                                                  obj/zoSmsError.o
zoErrorIsEmpty                                    obj/zoError.o
                                                  obj/main.o
                                                  obj/zoUart.o
                                                  obj/zoProtocolI2c.o
                                                  obj/zoI2c.o
                                                  obj/zoCommands.o
                                                  obj/zoSmsError.o
                                                  obj/zoProtocol.o
zoErrorPut                                        obj/zoError.o
                                                  obj/zoUart.o
                                                  obj/zoI2c.o
                                                  obj/zoCommands.o
                                                  obj/zoSmsError.o
                                                  obj/zoProtocol.o
zoErrorPutIsr                                     obj/zoError.o
                                                  obj/zoUart.o
                                                  obj/zoProtocolI2c.o
zoI2cAcknowledgeRx                                obj/zoI2c.o
zoI2cError                                        obj/zoI2c.o
                                                  obj/zoProtocolI2c.o
zoI2cFunctorArbitrationLost                       obj/zoI2c.o
zoI2cFunctorBusError                              obj/zoI2c.o
zoI2cFunctorInit                                  obj/zoI2c.o
zoI2cFunctorMasterNAck                            obj/zoI2c.o
zoI2cFunctorMrDataAck                             obj/zoI2c.o
zoI2cFunctorMrDataNAck                            obj/zoI2c.o
zoI2cFunctorMrSlaveAck                            obj/zoI2c.o
zoI2cFunctorMtAck                                 obj/zoI2c.o
zoI2cFunctorNoInfo                                obj/zoI2c.o
zoI2cFunctorNull                                  obj/zoI2c.o
zoI2cFunctorSrAck                                 obj/zoI2c.o
zoI2cFunctorSrDataAck                             obj/zoI2c.o
zoI2cFunctorSrDataNack                            obj/zoI2c.o
zoI2cFunctorStAck                                 obj/zoI2c.o
zoI2cFunctorStDataAck                             obj/zoI2c.o
zoI2cFunctorStDataNAck                            obj/zoI2c.o
zoI2cFunctorStart                                 obj/zoI2c.o
zoI2cFunctorStop                                  obj/zoI2c.o
zoI2cInit                                         obj/zoI2c.o
                                                  obj/zoProtocolI2c.o
zoI2cMasterSend                                   obj/zoI2c.o
zoI2cMasterSendBlocking                           obj/zoI2c.o
                                                  obj/zoProtocolI2c.o
zoI2cSendByte                                     obj/zoI2c.o
zoI2cSendStart                                    obj/zoI2c.o
zoI2cSendStop                                     obj/zoI2c.o
zoI2cSetBitrate                                   obj/zoI2c.o
                                                  obj/zoProtocolI2c.o
zoI2cSetLocalDeviceAddr                           obj/zoI2c.o
                                                  obj/zoProtocolI2c.o
zoI2cSetSlaveReceiveHandler                       obj/zoI2c.o
                                                  obj/zoProtocolI2c.o
zoI2cSetSlaveTransmitHandler                      obj/zoI2c.o
zoI2cSetWaitOnBusReadyTimeOut                     obj/zoI2c.o
zoI2cSetWaitOnReceiveTimeOut                      obj/zoI2c.o
zoI2cSetWaitOnTransmitTimeOut                     obj/zoI2c.o
zoI2cWaitForComplete                              obj/zoI2c.o
zoIcpAttachUserFunctionOnCapture                  obj/zoIcp.o
                                                  obj/zoProtocolRcServo.o
zoIcpAttachUserFunctionOnCaptureFailure           obj/zoIcp.o
                                                  obj/zoProtocolRcServo.o
zoIcpAttachUserFunctionOnOverFlow                 obj/zoIcp.o
                                                  obj/zoProtocolRcServo.o
zoIcpGetPulseWidh                                 obj/zoIcp.o
                                                  obj/zoProtocolRcServo.o
zoIcpInit                                         obj/zoIcp.o
                                                  obj/zoProtocolRcServo.o
zoIcpIsrDisable                                   obj/zoIcp.o
zoIcpIsrEnable                                    obj/zoIcp.o
zoIcpOverFlowIsrDisable                           obj/zoIcp.o
zoIcpOverFlowIsrEnable                            obj/zoIcp.o
zoIcpSetMode                                      obj/zoIcp.o
zoIcpSetPrescaler                                 obj/zoIcp.o
                                                  obj/zoProtocolRcServo.o
zoMotorGetState                                   obj/zoMotor.o
                                                  obj/zoCommands.o
zoMotorInit                                       obj/zoMotor.o
                                                  obj/zoSms.o
zoMotorSet                                        obj/zoMotor.o
                                                  obj/zoSms.o
zoMotorSetState                                   obj/zoMotor.o
                                                  obj/zoProtocolRcServo.o